Archive member included to satisfy reference by file (symbol)

c:/program files (x86)/atmel/studio/7.0/toolchain/arm/arm-gnu-toolchain/bin/../lib/gcc/arm-none-eabi/6.2.1/thumb/v6-m\libgcc.a(_udivsi3.o)
                              src/ASF/common2/services/delay/sam0/systick_counter.o (__aeabi_uidiv)
c:/program files (x86)/atmel/studio/7.0/toolchain/arm/arm-gnu-toolchain/bin/../lib/gcc/arm-none-eabi/6.2.1/thumb/v6-m\libgcc.a(_divsi3.o)
                              src/OCTO_DAC.o (__aeabi_idiv)
c:/program files (x86)/atmel/studio/7.0/toolchain/arm/arm-gnu-toolchain/bin/../lib/gcc/arm-none-eabi/6.2.1/thumb/v6-m\libgcc.a(_dvmd_tls.o)
                              c:/program files (x86)/atmel/studio/7.0/toolchain/arm/arm-gnu-toolchain/bin/../lib/gcc/arm-none-eabi/6.2.1/thumb/v6-m\libgcc.a(_udivsi3.o) (__aeabi_idiv0)
c:/program files (x86)/atmel/studio/7.0/toolchain/arm/arm-gnu-toolchain/bin/../lib/gcc/arm-none-eabi/6.2.1/thumb/v6-m\libgcc.a(_muldi3.o)
                              src/ASF/sam0/drivers/sercom/sercom.o (__aeabi_lmul)
c:/program files (x86)/atmel/studio/7.0/toolchain/arm/arm-gnu-toolchain/bin/../lib/gcc/arm-none-eabi/6.2.1/../../../../arm-none-eabi/lib/thumb/v6-m\libc_nano.a(lib_a-exit.o)
                              c:/program files (x86)/atmel/studio/7.0/toolchain/arm/arm-gnu-toolchain/bin/../lib/gcc/arm-none-eabi/6.2.1/../../../../arm-none-eabi/lib/thumb/v6-m/crt0.o (exit)
c:/program files (x86)/atmel/studio/7.0/toolchain/arm/arm-gnu-toolchain/bin/../lib/gcc/arm-none-eabi/6.2.1/../../../../arm-none-eabi/lib/thumb/v6-m\libc_nano.a(lib_a-impure.o)
                              c:/program files (x86)/atmel/studio/7.0/toolchain/arm/arm-gnu-toolchain/bin/../lib/gcc/arm-none-eabi/6.2.1/../../../../arm-none-eabi/lib/thumb/v6-m\libc_nano.a(lib_a-exit.o) (_global_impure_ptr)
c:/program files (x86)/atmel/studio/7.0/toolchain/arm/arm-gnu-toolchain/bin/../lib/gcc/arm-none-eabi/6.2.1/../../../../arm-none-eabi/lib/thumb/v6-m\libc_nano.a(lib_a-init.o)
                              c:/program files (x86)/atmel/studio/7.0/toolchain/arm/arm-gnu-toolchain/bin/../lib/gcc/arm-none-eabi/6.2.1/../../../../arm-none-eabi/lib/thumb/v6-m/crt0.o (__libc_init_array)
c:/program files (x86)/atmel/studio/7.0/toolchain/arm/arm-gnu-toolchain/bin/../lib/gcc/arm-none-eabi/6.2.1/../../../../arm-none-eabi/lib/thumb/v6-m\libc_nano.a(lib_a-memcpy-stub.o)
                              src/ASF/sam0/drivers/adc/adc_sam_d_r_h/adc.o (memcpy)
c:/program files (x86)/atmel/studio/7.0/toolchain/arm/arm-gnu-toolchain/bin/../lib/gcc/arm-none-eabi/6.2.1/../../../../arm-none-eabi/lib/thumb/v6-m\libc_nano.a(lib_a-memset.o)
                              c:/program files (x86)/atmel/studio/7.0/toolchain/arm/arm-gnu-toolchain/bin/../lib/gcc/arm-none-eabi/6.2.1/../../../../arm-none-eabi/lib/thumb/v6-m/crt0.o (memset)
c:/program files (x86)/atmel/studio/7.0/toolchain/arm/arm-gnu-toolchain/bin/../lib/gcc/arm-none-eabi/6.2.1/../../../../arm-none-eabi/lib/thumb/v6-m\libc_nano.a(lib_a-sprintf.o)
                              src/OCTO_USART.o (sprintf)
c:/program files (x86)/atmel/studio/7.0/toolchain/arm/arm-gnu-toolchain/bin/../lib/gcc/arm-none-eabi/6.2.1/../../../../arm-none-eabi/lib/thumb/v6-m\libc_nano.a(lib_a-strcmp.o)
                              src/OCTO_USART.o (strcmp)
c:/program files (x86)/atmel/studio/7.0/toolchain/arm/arm-gnu-toolchain/bin/../lib/gcc/arm-none-eabi/6.2.1/../../../../arm-none-eabi/lib/thumb/v6-m\libc_nano.a(lib_a-nano-svfprintf.o)
                              c:/program files (x86)/atmel/studio/7.0/toolchain/arm/arm-gnu-toolchain/bin/../lib/gcc/arm-none-eabi/6.2.1/../../../../arm-none-eabi/lib/thumb/v6-m\libc_nano.a(lib_a-sprintf.o) (_svfprintf_r)
c:/program files (x86)/atmel/studio/7.0/toolchain/arm/arm-gnu-toolchain/bin/../lib/gcc/arm-none-eabi/6.2.1/../../../../arm-none-eabi/lib/thumb/v6-m\libc_nano.a(lib_a-nano-vfprintf_i.o)
                              c:/program files (x86)/atmel/studio/7.0/toolchain/arm/arm-gnu-toolchain/bin/../lib/gcc/arm-none-eabi/6.2.1/../../../../arm-none-eabi/lib/thumb/v6-m\libc_nano.a(lib_a-nano-svfprintf.o) (_printf_i)
c:/program files (x86)/atmel/studio/7.0/toolchain/arm/arm-gnu-toolchain/bin/../lib/gcc/arm-none-eabi/6.2.1/../../../../arm-none-eabi/lib/thumb/v6-m\libc_nano.a(lib_a-memchr-stub.o)
                              c:/program files (x86)/atmel/studio/7.0/toolchain/arm/arm-gnu-toolchain/bin/../lib/gcc/arm-none-eabi/6.2.1/../../../../arm-none-eabi/lib/thumb/v6-m\libc_nano.a(lib_a-nano-svfprintf.o) (memchr)
c:/program files (x86)/atmel/studio/7.0/toolchain/arm/arm-gnu-toolchain/bin/../lib/gcc/arm-none-eabi/6.2.1/../../../../arm-none-eabi/lib/thumb/v6-m\libc_nano.a(lib_a-memmove.o)
                              c:/program files (x86)/atmel/studio/7.0/toolchain/arm/arm-gnu-toolchain/bin/../lib/gcc/arm-none-eabi/6.2.1/../../../../arm-none-eabi/lib/thumb/v6-m\libc_nano.a(lib_a-nano-svfprintf.o) (memmove)
[...]
Memory Configuration

Name             Origin             Length             Attributes
rom              0x00000000         0x00040000         xr
ram              0x20000000         0x00008000         xrw
*default*        0x00000000         0xffffffff

Linker script and memory map

LOAD c:/program files (x86)/atmel/studio/7.0/toolchain/arm/arm-gnu-toolchain/bin/../lib/gcc/arm-none-eabi/6.2.1/thumb/v6-m/crti.o
LOAD c:/program files (x86)/atmel/studio/7.0/toolchain/arm/arm-gnu-toolchain/bin/../lib/gcc/arm-none-eabi/6.2.1/thumb/v6-m/crtbegin.o
LOAD c:/program files (x86)/atmel/studio/7.0/toolchain/arm/arm-gnu-toolchain/bin/../lib/gcc/arm-none-eabi/6.2.1/../../../../arm-none-eabi/lib/thumb/v6-m/crt0.o
LOAD src/ASF/common2/services/delay/sam0/systick_counter.o
LOAD src/ASF/sam0/drivers/adc/adc_sam_d_r_h/adc.o
LOAD src/ASF/sam0/drivers/adc/adc_sam_d_r_h/adc_callback.o
LOAD src/ASF/sam0/drivers/dac/dac_sam_d_c_h/dac.o
LOAD src/ASF/sam0/drivers/dac/dac_sam_d_c_h/dac_callback.o
LOAD src/ASF/sam0/drivers/extint/extint_callback.o
LOAD src/ASF/sam0/drivers/extint/extint_sam_d_r_h/extint.o
LOAD src/ASF/sam0/drivers/port/port.o
LOAD src/ASF/sam0/drivers/rtc/rtc_sam_d_r_h/rtc_count.o
LOAD src/ASF/sam0/drivers/rtc/rtc_sam_d_r_h/rtc_count_interrupt.o
LOAD src/ASF/sam0/drivers/sercom/i2c/i2c_samd20/i2c_master.o
LOAD src/ASF/sam0/drivers/sercom/i2c/i2c_samd20/i2c_master_interrupt.o
LOAD src/ASF/sam0/drivers/sercom/sercom.o
LOAD src/ASF/sam0/drivers/sercom/sercom_interrupt.o
LOAD src/ASF/sam0/drivers/sercom/usart/usart.o
LOAD src/ASF/sam0/drivers/sercom/usart/usart_interrupt.o
LOAD src/ASF/sam0/utils/stdio/read.o
LOAD src/ASF/sam0/utils/stdio/write.o
LOAD src/OCTO_ADC.o
LOAD src/OCTO_DAC.o
LOAD src/OCTO_I2C.o
LOAD src/OCTO_RTC.o
LOAD src/OCTO_USART.o
LOAD src/ASF/common2/boards/user_board/init.o
LOAD src/ASF/common/utils/interrupt/interrupt_sam_nvic.o
LOAD src/ASF/sam0/drivers/system/clock/clock_samd20/clock.o
LOAD src/ASF/sam0/drivers/system/clock/clock_samd20/gclk.o
LOAD src/ASF/sam0/drivers/system/interrupt/system_interrupt.o
LOAD src/ASF/sam0/drivers/system/pinmux/pinmux.o
LOAD src/ASF/sam0/drivers/system/system.o
LOAD src/ASF/sam0/utils/cmsis/samd20/source/gcc/startup_samd20.o
LOAD src/ASF/sam0/utils/cmsis/samd20/source/system_samd20.o
LOAD src/ASF/sam0/utils/syscalls/gcc/syscalls.o
LOAD src/main.o
START GROUP
LOAD ../src/ASF/thirdparty/CMSIS/Lib/GCC\libarm_cortexM0l_math.a
LOAD c:/program files (x86)/atmel/studio/7.0/toolchain/arm/arm-gnu-toolchain/bin/../lib/gcc/arm-none-eabi/6.2.1/../../../../arm-none-eabi/lib/thumb/v6-m\libm.a
END GROUP
START GROUP
LOAD c:/program files (x86)/atmel/studio/7.0/toolchain/arm/arm-gnu-toolchain/bin/../lib/gcc/arm-none-eabi/6.2.1/thumb/v6-m\libgcc.a
LOAD c:/program files (x86)/atmel/studio/7.0/toolchain/arm/arm-gnu-toolchain/bin/../lib/gcc/arm-none-eabi/6.2.1/../../../../arm-none-eabi/lib/thumb/v6-m\libc_nano.a
END GROUP
START GROUP
LOAD c:/program files (x86)/atmel/studio/7.0/toolchain/arm/arm-gnu-toolchain/bin/../lib/gcc/arm-none-eabi/6.2.1/thumb/v6-m\libgcc.a
LOAD c:/program files (x86)/atmel/studio/7.0/toolchain/arm/arm-gnu-toolchain/bin/../lib/gcc/arm-none-eabi/6.2.1/../../../../arm-none-eabi/lib/thumb/v6-m\libc_nano.a
END GROUP
LOAD c:/program files (x86)/atmel/studio/7.0/toolchain/arm/arm-gnu-toolchain/bin/../lib/gcc/arm-none-eabi/6.2.1/thumb/v6-m/crtend.o
LOAD c:/program files (x86)/atmel/studio/7.0/toolchain/arm/arm-gnu-toolchain/bin/../lib/gcc/arm-none-eabi/6.2.1/thumb/v6-m/crtn.o
                0x00002000                STACK_SIZE = DEFINED (STACK_SIZE)?STACK_SIZE:DEFINED (__stack_size__)?__stack_size__:0x2000

.text           0x00000000     0x3e70
                0x00000000                . = ALIGN (0x4)
                0x00000000                _sfixed = .
 *(.vectors .vectors.*)
 .vectors       0x00000000       0xa4 src/ASF/sam0/utils/cmsis/samd20/source/gcc/startup_samd20.o
                0x00000000                exception_table
 *(.text .text.* .gnu.linkonce.t.*)
 .text          0x000000a4       0x60 c:/program files (x86)/atmel/studio/7.0/toolchain/arm/arm-gnu-toolchain/bin/../lib/gcc/arm-none-eabi/6.2.1/thumb/v6-m/crtbegin.o
 .text.delay_init
                0x00000104       0x40 src/ASF/common2/services/delay/sam0/systick_counter.o
                0x00000104                delay_init
 .text.delay_cycles_us
                0x00000144       0x2c src/ASF/common2/services/delay/sam0/systick_counter.o
                0x00000144                delay_cycles_us
 .text.delay_cycles_ms
                0x00000170       0x2c src/ASF/common2/services/delay/sam0/systick_counter.o
                0x00000170                delay_cycles_ms
 .text.adc_get_config_defaults
                0x0000019c       0x46 src/ASF/sam0/drivers/adc/adc_sam_d_r_h/adc.o
                0x0000019c                adc_get_config_defaults
 *fill*         0x000001e2        0x2 
 .text.adc_init
                0x000001e4      0x460 src/ASF/sam0/drivers/adc/adc_sam_d_r_h/adc.o
                0x000001e4                adc_init
 .text.ADC_Handler
                0x00000644       0xc0 src/ASF/sam0/drivers/adc/adc_sam_d_r_h/adc_callback.o
                0x00000644                ADC_Handler
 .text.dac_is_syncing
                0x00000704        0x8 src/ASF/sam0/drivers/dac/dac_sam_d_c_h/dac.o
                0x00000704                dac_is_syncing
 .text.dac_get_config_defaults
                0x0000070c       0x12 src/ASF/sam0/drivers/dac/dac_sam_d_c_h/dac.o
                0x0000070c                dac_get_config_defaults
 *fill*         0x0000071e        0x2 
 .text.dac_init
                0x00000720       0xc8 src/ASF/sam0/drivers/dac/dac_sam_d_c_h/dac.o
                0x00000720                dac_init
 .text.dac_enable
                0x000007e8       0x3c src/ASF/sam0/drivers/dac/dac_sam_d_c_h/dac.o
                0x000007e8                dac_enable
 .text.dac_chan_write
                0x00000824       0x28 src/ASF/sam0/drivers/dac/dac_sam_d_c_h/dac.o
                0x00000824                dac_chan_write
 .text.DAC_Handler
                0x0000084c       0xa8 src/ASF/sam0/drivers/dac/dac_sam_d_c_h/dac_callback.o
                0x0000084c                DAC_Handler
 .text.EIC_Handler
                0x000008f4       0x54 src/ASF/sam0/drivers/extint/extint_callback.o
                0x000008f4                EIC_Handler
 .text._extint_enable
                0x00000948       0x18 src/ASF/sam0/drivers/extint/extint_sam_d_r_h/extint.o
 .text._system_extint_init
                0x00000960       0x6c src/ASF/sam0/drivers/extint/extint_sam_d_r_h/extint.o
                0x00000960                _system_extint_init
 .text.port_pin_set_config
                0x000009cc       0x24 src/ASF/sam0/drivers/port/port.o
                0x000009cc                port_pin_set_config
 .text.rtc_count_is_syncing
                0x000009f0        0x8 src/ASF/sam0/drivers/rtc/rtc_sam_d_r_h/rtc_count.o
 .text.rtc_count_enable
                0x000009f8       0x28 src/ASF/sam0/drivers/rtc/rtc_sam_d_r_h/rtc_count.o
                0x000009f8                rtc_count_enable
 .text.rtc_count_disable
                0x00000a20       0x30 src/ASF/sam0/drivers/rtc/rtc_sam_d_r_h/rtc_count.o
                0x00000a20                rtc_count_disable
 .text.rtc_count_reset
                0x00000a50       0x2c src/ASF/sam0/drivers/rtc/rtc_sam_d_r_h/rtc_count.o
                0x00000a50                rtc_count_reset
 .text.rtc_count_set_compare
                0x00000a7c       0x5c src/ASF/sam0/drivers/rtc/rtc_sam_d_r_h/rtc_count.o
                0x00000a7c                rtc_count_set_compare
 .text.rtc_count_init
                0x00000ad8       0xe0 src/ASF/sam0/drivers/rtc/rtc_sam_d_r_h/rtc_count.o
                0x00000ad8                rtc_count_init
 .text.rtc_count_set_period
                0x00000bb8       0x24 src/ASF/sam0/drivers/rtc/rtc_sam_d_r_h/rtc_count.o
                0x00000bb8                rtc_count_set_period
 .text.rtc_count_register_callback
                0x00000bdc       0x38 src/ASF/sam0/drivers/rtc/rtc_sam_d_r_h/rtc_count_interrupt.o
                0x00000bdc                rtc_count_register_callback
 .text.rtc_count_enable_callback
                0x00000c14       0x26 src/ASF/sam0/drivers/rtc/rtc_sam_d_r_h/rtc_count_interrupt.o
                0x00000c14                rtc_count_enable_callback
 *fill*         0x00000c3a        0x2 
 .text.RTC_Handler
                0x00000c3c       0x58 src/ASF/sam0/drivers/rtc/rtc_sam_d_r_h/rtc_count_interrupt.o
                0x00000c3c                RTC_Handler
 .text._i2c_master_wait_for_sync
                0x00000c94        0xc src/ASF/sam0/drivers/sercom/i2c/i2c_samd20/i2c_master.o
 .text._i2c_master_address_response
                0x00000ca0       0x30 src/ASF/sam0/drivers/sercom/i2c/i2c_samd20/i2c_master.o
 .text._i2c_master_wait_for_bus
                0x00000cd0       0x2c src/ASF/sam0/drivers/sercom/i2c/i2c_samd20/i2c_master.o
 .text._i2c_master_read_packet
                0x00000cfc      0x100 src/ASF/sam0/drivers/sercom/i2c/i2c_samd20/i2c_master.o
 .text._i2c_master_write_packet
                0x00000dfc       0xb4 src/ASF/sam0/drivers/sercom/i2c/i2c_samd20/i2c_master.o
 .text.i2c_master_init
                0x00000eb0      0x194 src/ASF/sam0/drivers/sercom/i2c/i2c_samd20/i2c_master.o
                0x00000eb0                i2c_master_init
 .text.i2c_master_read_packet_wait
                0x00001044       0x24 src/ASF/sam0/drivers/sercom/i2c/i2c_samd20/i2c_master.o
                0x00001044                i2c_master_read_packet_wait
 .text.i2c_master_write_packet_wait
                0x00001068       0x24 src/ASF/sam0/drivers/sercom/i2c/i2c_samd20/i2c_master.o
                0x00001068                i2c_master_write_packet_wait
 .text._i2c_master_wait_for_sync
                0x0000108c        0xc src/ASF/sam0/drivers/sercom/i2c/i2c_samd20/i2c_master_interrupt.o
 .text._i2c_master_read
                0x00001098       0x7c src/ASF/sam0/drivers/sercom/i2c/i2c_samd20/i2c_master_interrupt.o
 .text._i2c_master_write
                0x00001114       0x38 src/ASF/sam0/drivers/sercom/i2c/i2c_samd20/i2c_master_interrupt.o
 .text._i2c_master_interrupt_handler
                0x0000114c      0x1d0 src/ASF/sam0/drivers/sercom/i2c/i2c_samd20/i2c_master_interrupt.o
                0x0000114c                _i2c_master_interrupt_handler
 .text.long_division
                0x0000131c       0xba src/ASF/sam0/drivers/sercom/sercom.o
 .text._sercom_get_sync_baud_val
                0x000013d6       0x28 src/ASF/sam0/drivers/sercom/sercom.o
                0x000013d6                _sercom_get_sync_baud_val
 *fill*         0x000013fe        0x2 
 .text._sercom_get_async_baud_val
                0x00001400       0x94 src/ASF/sam0/drivers/sercom/sercom.o
                0x00001400                _sercom_get_async_baud_val
 .text.sercom_set_gclk_generator
                0x00001494       0x4c src/ASF/sam0/drivers/sercom/sercom.o
                0x00001494                sercom_set_gclk_generator
 .text._sercom_get_default_pad
                0x000014e0       0xfc src/ASF/sam0/drivers/sercom/sercom.o
                0x000014e0                _sercom_get_default_pad
 .text._sercom_get_sercom_inst_index
                0x000015dc       0x48 src/ASF/sam0/drivers/sercom/sercom.o
                0x000015dc                _sercom_get_sercom_inst_index
 .text._sercom_default_handler
                0x00001624        0x2 src/ASF/sam0/drivers/sercom/sercom_interrupt.o
 *fill*         0x00001626        0x2 
 .text._sercom_set_handler
                0x00001628       0x40 src/ASF/sam0/drivers/sercom/sercom_interrupt.o
                0x00001628                _sercom_set_handler
 .text._sercom_get_interrupt_vector
                0x00001668       0x24 src/ASF/sam0/drivers/sercom/sercom_interrupt.o
                0x00001668                _sercom_get_interrupt_vector
 .text.SERCOM0_Handler
                0x0000168c       0x10 src/ASF/sam0/drivers/sercom/sercom_interrupt.o
                0x0000168c                SERCOM0_Handler
 .text.SERCOM1_Handler
                0x0000169c       0x10 src/ASF/sam0/drivers/sercom/sercom_interrupt.o
                0x0000169c                SERCOM1_Handler
 .text.SERCOM2_Handler
                0x000016ac       0x10 src/ASF/sam0/drivers/sercom/sercom_interrupt.o
                0x000016ac                SERCOM2_Handler
 .text.SERCOM3_Handler
                0x000016bc       0x10 src/ASF/sam0/drivers/sercom/sercom_interrupt.o
                0x000016bc                SERCOM3_Handler
 .text.usart_init
                0x000016cc      0x254 src/ASF/sam0/drivers/sercom/usart/usart.o
                0x000016cc                usart_init
 .text._usart_write_buffer
                0x00001920       0x3c src/ASF/sam0/drivers/sercom/usart/usart_interrupt.o
                0x00001920                _usart_write_buffer
 .text._usart_read_buffer
                0x0000195c       0x3c src/ASF/sam0/drivers/sercom/usart/usart_interrupt.o
                0x0000195c                _usart_read_buffer
 .text.usart_register_callback
                0x00001998       0x16 src/ASF/sam0/drivers/sercom/usart/usart_interrupt.o
                0x00001998                usart_register_callback
 *fill*         0x000019ae        0x2 
 .text.usart_write_buffer_job
                0x000019b0       0x20 src/ASF/sam0/drivers/sercom/usart/usart_interrupt.o
                0x000019b0                usart_write_buffer_job
 .text.usart_read_buffer_job
                0x000019d0       0x20 src/ASF/sam0/drivers/sercom/usart/usart_interrupt.o
                0x000019d0                usart_read_buffer_job
 .text._usart_interrupt_handler
                0x000019f0      0x124 src/ASF/sam0/drivers/sercom/usart/usart_interrupt.o
                0x000019f0                _usart_interrupt_handler
 .text.configure_adc_VMPPT
                0x00001b14       0x64 src/OCTO_ADC.o
                0x00001b14                configure_adc_VMPPT
 .text.get_value_VMPPT
                0x00001b78       0x9c src/OCTO_ADC.o
                0x00001b78                get_value_VMPPT
 .text.configure_dac
                0x00001c14       0x38 src/OCTO_DAC.o
                0x00001c14                configure_dac
 .text.set_led_bright_perthousand
                0x00001c4c       0x8c src/OCTO_DAC.o
                0x00001c4c                set_led_bright_perthousand
 .text.gas_gauge_update_percent
                0x00001cd8       0x60 src/OCTO_I2C.o
                0x00001cd8                gas_gauge_update_percent
 .text.gas_gauge_config_CC_registers
                0x00001d38       0x2c src/OCTO_I2C.o
                0x00001d38                gas_gauge_config_CC_registers
 .text.configure_gas_gauge
                0x00001d64       0xac src/OCTO_I2C.o
                0x00001d64                configure_gas_gauge
 .text.gas_gauge_read
                0x00001e10       0x5c src/OCTO_I2C.o
                0x00001e10                gas_gauge_read
 .text.rtc_overflow_callback
                0x00001e6c       0x10 src/OCTO_RTC.o
                0x00001e6c                rtc_overflow_callback
 .text.configure_rtc_count
                0x00001e7c       0x64 src/OCTO_RTC.o
                0x00001e7c                configure_rtc_count
 .text.get_tick
                0x00001ee0        0xc src/OCTO_RTC.o
                0x00001ee0                get_tick
 .text.tick_elapsed
                0x00001eec        0xc src/OCTO_RTC.o
                0x00001eec                tick_elapsed
 .text.clean_array
                0x00001ef8       0x18 src/OCTO_USART.o
                0x00001ef8                clean_array
 .text.usart_write_callback
                0x00001f10       0x20 src/OCTO_USART.o
                0x00001f10                usart_write_callback
 .text.configure_usart
                0x00001f30       0xb4 src/OCTO_USART.o
                0x00001f30                configure_usart
 .text.configure_usart_callbacks
                0x00001fe4       0x34 src/OCTO_USART.o
                0x00001fe4                configure_usart_callbacks
 .text.bt_usart_write_job
                0x00002018       0x18 src/OCTO_USART.o
                0x00002018                bt_usart_write_job
 .text.bt_usart_receive_job
                0x00002030       0x1c src/OCTO_USART.o
                0x00002030                bt_usart_receive_job
 .text.bt_start_setup
                0x0000204c       0x38 src/OCTO_USART.o
                0x0000204c                bt_start_setup
 .text.bt_received
                0x00002084      0x140 src/OCTO_USART.o
                0x00002084                bt_received
 .text.usart_read_callback
                0x000021c4       0x60 src/OCTO_USART.o
                0x000021c4                usart_read_callback
 .text.system_board_init
                0x00002224       0x44 src/ASF/common2/boards/user_board/init.o
                0x00002224                board_init
                0x00002224                system_board_init
 .text.change_bt_enable
                0x00002268       0x38 src/ASF/common2/boards/user_board/init.o
                0x00002268                change_bt_enable
 .text.system_board_init_for_battery_measure
                0x000022a0       0x70 src/ASF/common2/boards/user_board/init.o
                0x000022a0                system_board_init_for_battery_measure
 .text.cpu_irq_enter_critical
                0x00002310       0x40 src/ASF/common/utils/interrupt/interrupt_sam_nvic.o
                0x00002310                cpu_irq_enter_critical
 .text.cpu_irq_leave_critical
                0x00002350       0x30 src/ASF/common/utils/interrupt/interrupt_sam_nvic.o
                0x00002350                cpu_irq_leave_critical
 .text.system_clock_source_get_hz
                0x00002380       0x7c src/ASF/sam0/drivers/system/clock/clock_samd20/clock.o
                0x00002380                system_clock_source_get_hz
 .text.system_clock_source_osc8m_set_config
                0x000023fc       0x3c src/ASF/sam0/drivers/system/clock/clock_samd20/clock.o
                0x000023fc                system_clock_source_osc8m_set_config
 .text.system_clock_source_enable
                0x00002438       0x90 src/ASF/sam0/drivers/system/clock/clock_samd20/clock.o
                0x00002438                system_clock_source_enable
 .text.system_clock_init
                0x000024c8       0x98 src/ASF/sam0/drivers/system/clock/clock_samd20/clock.o
                0x000024c8                system_clock_init
 .text.system_gclk_init
                0x00002560       0x24 src/ASF/sam0/drivers/system/clock/clock_samd20/gclk.o
                0x00002560                system_gclk_init
 .text.system_gclk_gen_set_config
                0x00002584       0xb8 src/ASF/sam0/drivers/system/clock/clock_samd20/gclk.o
                0x00002584                system_gclk_gen_set_config
 .text.system_gclk_gen_enable
                0x0000263c       0x44 src/ASF/sam0/drivers/system/clock/clock_samd20/gclk.o
                0x0000263c                system_gclk_gen_enable
 .text.system_gclk_gen_get_hz
                0x00002680       0x8c src/ASF/sam0/drivers/system/clock/clock_samd20/gclk.o
                0x00002680                system_gclk_gen_get_hz
 .text.system_gclk_chan_enable
                0x0000270c       0x30 src/ASF/sam0/drivers/system/clock/clock_samd20/gclk.o
                0x0000270c                system_gclk_chan_enable
 .text.system_gclk_chan_disable
                0x0000273c       0x5c src/ASF/sam0/drivers/system/clock/clock_samd20/gclk.o
                0x0000273c                system_gclk_chan_disable
 .text.system_gclk_chan_set_config
                0x00002798       0x1c src/ASF/sam0/drivers/system/clock/clock_samd20/gclk.o
                0x00002798                system_gclk_chan_set_config
 .text.system_gclk_chan_get_hz
                0x000027b4       0x34 src/ASF/sam0/drivers/system/clock/clock_samd20/gclk.o
                0x000027b4                system_gclk_chan_get_hz
 .text._system_pinmux_config
                0x000027e8       0xa8 src/ASF/sam0/drivers/system/pinmux/pinmux.o
 .text.system_pinmux_pin_set_config
                0x00002890       0x30 src/ASF/sam0/drivers/system/pinmux/pinmux.o
                0x00002890                system_pinmux_pin_set_config
 .text._system_dummy_init
                0x000028c0        0x2 src/ASF/sam0/drivers/system/system.o
                0x000028c0                _system_events_init
                0x000028c0                _system_dummy_init
                0x000028c0                _system_divas_init
 *fill*         0x000028c2        0x2 
 .text.system_init
                0x000028c4       0x2c src/ASF/sam0/drivers/system/system.o
                0x000028c4                system_init
 .text.Dummy_Handler
                0x000028f0        0x2 src/ASF/sam0/utils/cmsis/samd20/source/gcc/startup_samd20.o
                0x000028f0                HardFault_Handler
                0x000028f0                TC2_Handler
                0x000028f0                AC_Handler
                0x000028f0                SysTick_Handler
                0x000028f0                PendSV_Handler
                0x000028f0                NMI_Handler
                0x000028f0                WDT_Handler
                0x000028f0                TC4_Handler
                0x000028f0                TC1_Handler
                0x000028f0                TC3_Handler
                0x000028f0                Dummy_Handler
                0x000028f0                PM_Handler
                0x000028f0                SVC_Handler
                0x000028f0                EVSYS_Handler
                0x000028f0                NVMCTRL_Handler
                0x000028f0                PTC_Handler
                0x000028f0                TC0_Handler
                0x000028f0                TC5_Handler
                0x000028f0                SYSCTRL_Handler
 *fill*         0x000028f2        0x2 
 .text.Reset_Handler
                0x000028f4       0x98 src/ASF/sam0/utils/cmsis/samd20/source/gcc/startup_samd20.o
                0x000028f4                Reset_Handler
 .text._sbrk    0x0000298c       0x24 src/ASF/sam0/utils/syscalls/gcc/syscalls.o
                0x0000298c                _sbrk
 .text.change_light_mode
                0x000029b0       0x18 src/main.o
                0x000029b0                change_light_mode
 .text.change_light_freq
                0x000029c8        0xc src/main.o
                0x000029c8                change_light_freq
 .text.change_light_bright
                0x000029d4       0x20 src/main.o
                0x000029d4                change_light_bright
 .text.change_light_threshold
                0x000029f4        0xc src/main.o
                0x000029f4                change_light_threshold
 .text.enter_low_power_mode
                0x00002a00       0x68 src/main.o
                0x00002a00                enter_low_power_mode
 .text.exit_low_power_mode
                0x00002a68       0x48 src/main.o
                0x00002a68                exit_low_power_mode
 .text.manage_low_power_light
                0x00002ab0       0x74 src/main.o
                0x00002ab0                manage_low_power_light
 .text.update_bright
                0x00002b24       0x50 src/main.o
                0x00002b24                update_bright
 .text.turn_lights
                0x00002b74       0x20 src/main.o
                0x00002b74                turn_lights
 .text.drive_light
                0x00002b94       0xc4 src/main.o
                0x00002b94                drive_light
 .text.bt_poll_check
                0x00002c58       0x40 src/main.o
                0x00002c58                bt_poll_check
 .text.get_battery_percent
                0x00002c98       0xb4 src/main.o
                0x00002c98                get_battery_percent
 .text.get_gauge_percent
                0x00002d4c       0x1c src/main.o
                0x00002d4c                get_gauge_percent
 .text.configure_OCTO_peripheral
                0x00002d68      0x110 src/main.o
                0x00002d68                configure_OCTO_peripheral
 .text.main     0x00002e78      0x1e0 src/main.o
                0x00002e78                main
 .text          0x00003058      0x114 c:/program files (x86)/atmel/studio/7.0/toolchain/arm/arm-gnu-toolchain/bin/../lib/gcc/arm-none-eabi/6.2.1/thumb/v6-m\libgcc.a(_udivsi3.o)
                0x00003058                __aeabi_uidiv
                0x00003058                __udivsi3
                0x00003164                __aeabi_uidivmod
 .text          0x0000316c      0x1d4 c:/program files (x86)/atmel/studio/7.0/toolchain/arm/arm-gnu-toolchain/bin/../lib/gcc/arm-none-eabi/6.2.1/thumb/v6-m\libgcc.a(_divsi3.o)
                0x0000316c                __divsi3
                0x0000316c                __aeabi_idiv
                0x00003338                __aeabi_idivmod
 .text          0x00003340        0x4 c:/program files (x86)/atmel/studio/7.0/toolchain/arm/arm-gnu-toolchain/bin/../lib/gcc/arm-none-eabi/6.2.1/thumb/v6-m\libgcc.a(_dvmd_tls.o)
                0x00003340                __aeabi_idiv0
                0x00003340                __aeabi_ldiv0
 .text          0x00003344       0x54 c:/program files (x86)/atmel/studio/7.0/toolchain/arm/arm-gnu-toolchain/bin/../lib/gcc/arm-none-eabi/6.2.1/thumb/v6-m\libgcc.a(_muldi3.o)
                0x00003344                __muldi3
                0x00003344                __aeabi_lmul
 .text.__libc_init_array
                0x00003398       0x48 c:/program files (x86)/atmel/studio/7.0/toolchain/arm/arm-gnu-toolchain/bin/../lib/gcc/arm-none-eabi/6.2.1/../../../../arm-none-eabi/lib/thumb/v6-m\libc_nano.a(lib_a-init.o)
                0x00003398                __libc_init_array
 .text.memcpy   0x000033e0       0x12 c:/program files (x86)/atmel/studio/7.0/toolchain/arm/arm-gnu-toolchain/bin/../lib/gcc/arm-none-eabi/6.2.1/../../../../arm-none-eabi/lib/thumb/v6-m\libc_nano.a(lib_a-memcpy-stub.o)
                0x000033e0                memcpy
 *fill*         0x000033f2        0x2 
 .text.sprintf  0x000033f4       0x44 c:/program files (x86)/atmel/studio/7.0/toolchain/arm/arm-gnu-toolchain/bin/../lib/gcc/arm-none-eabi/6.2.1/../../../../arm-none-eabi/lib/thumb/v6-m\libc_nano.a(lib_a-sprintf.o)
                0x000033f4                siprintf
                0x000033f4                sprintf
 .text          0x00003438       0x14 c:/program files (x86)/atmel/studio/7.0/toolchain/arm/arm-gnu-toolchain/bin/../lib/gcc/arm-none-eabi/6.2.1/../../../../arm-none-eabi/lib/thumb/v6-m\libc_nano.a(lib_a-strcmp.o)
                0x00003438                strcmp
 .text.__ssputs_r
                0x0000344c       0xc4 c:/program files (x86)/atmel/studio/7.0/toolchain/arm/arm-gnu-toolchain/bin/../lib/gcc/arm-none-eabi/6.2.1/../../../../arm-none-eabi/lib/thumb/v6-m\libc_nano.a(lib_a-nano-svfprintf.o)
                0x0000344c                __ssputs_r
 .text._svfprintf_r
                0x00003510      0x208 c:/program files (x86)/atmel/studio/7.0/toolchain/arm/arm-gnu-toolchain/bin/../lib/gcc/arm-none-eabi/6.2.1/../../../../arm-none-eabi/lib/thumb/v6-m\libc_nano.a(lib_a-nano-svfprintf.o)
                0x00003510                _svfiprintf_r
                0x00003510                _svfprintf_r
 .text._printf_common
                0x00003718       0xda c:/program files (x86)/atmel/studio/7.0/toolchain/arm/arm-gnu-toolchain/bin/../lib/gcc/arm-none-eabi/6.2.1/../../../../arm-none-eabi/lib/thumb/v6-m\libc_nano.a(lib_a-nano-vfprintf_i.o)
                0x00003718                _printf_common
 *fill*         0x000037f2        0x2 
 .text._printf_i
                0x000037f4      0x234 c:/program files (x86)/atmel/studio/7.0/toolchain/arm/arm-gnu-toolchain/bin/../lib/gcc/arm-none-eabi/6.2.1/../../../../arm-none-eabi/lib/thumb/v6-m\libc_nano.a(lib_a-nano-vfprintf_i.o)
                0x000037f4                _printf_i
 .text.memchr   0x00003a28       0x16 c:/program files (x86)/atmel/studio/7.0/toolchain/arm/arm-gnu-toolchain/bin/../lib/gcc/arm-none-eabi/6.2.1/../../../../arm-none-eabi/lib/thumb/v6-m\libc_nano.a(lib_a-memchr-stub.o)
                0x00003a28                memchr
 .text.memmove  0x00003a3e       0x24 c:/program files (x86)/atmel/studio/7.0/toolchain/arm/arm-gnu-toolchain/bin/../lib/gcc/arm-none-eabi/6.2.1/../../../../arm-none-eabi/lib/thumb/v6-m\libc_nano.a(lib_a-memmove.o)
                0x00003a3e                memmove
 *fill*         0x00003a62        0x2 
 .text._free_r  0x00003a64       0x94 c:/program files (x86)/atmel/studio/7.0/toolchain/arm/arm-gnu-toolchain/bin/../lib/gcc/arm-none-eabi/6.2.1/../../../../arm-none-eabi/lib/thumb/v6-m\libc_nano.a(lib_a-nano-freer.o)
                0x00003a64                _free_r
 .text._malloc_r
                0x00003af8       0xbc c:/program files (x86)/atmel/studio/7.0/toolchain/arm/arm-gnu-toolchain/bin/../lib/gcc/arm-none-eabi/6.2.1/../../../../arm-none-eabi/lib/thumb/v6-m\libc_nano.a(lib_a-nano-mallocr.o)
                0x00003af8                _malloc_r
 .text._realloc_r
                0x00003bb4       0x4c c:/program files (x86)/atmel/studio/7.0/toolchain/arm/arm-gnu-toolchain/bin/../lib/gcc/arm-none-eabi/6.2.1/../../../../arm-none-eabi/lib/thumb/v6-m\libc_nano.a(lib_a-nano-reallocr.o)
                0x00003bb4                _realloc_r
 .text._sbrk_r  0x00003c00       0x24 c:/program files (x86)/atmel/studio/7.0/toolchain/arm/arm-gnu-toolchain/bin/../lib/gcc/arm-none-eabi/6.2.1/../../../../arm-none-eabi/lib/thumb/v6-m\libc_nano.a(lib_a-sbrkr.o)
                0x00003c00                _sbrk_r
 .text.__malloc_lock
                0x00003c24        0x2 c:/program files (x86)/atmel/studio/7.0/toolchain/arm/arm-gnu-toolchain/bin/../lib/gcc/arm-none-eabi/6.2.1/../../../../arm-none-eabi/lib/thumb/v6-m\libc_nano.a(lib_a-mlock.o)
                0x00003c24                __malloc_lock
 .text.__malloc_unlock
                0x00003c26        0x2 c:/program files (x86)/atmel/studio/7.0/toolchain/arm/arm-gnu-toolchain/bin/../lib/gcc/arm-none-eabi/6.2.1/../../../../arm-none-eabi/lib/thumb/v6-m\libc_nano.a(lib_a-mlock.o)
                0x00003c26                __malloc_unlock
 .text._malloc_usable_size_r
                0x00003c28       0x10 c:/program files (x86)/atmel/studio/7.0/toolchain/arm/arm-gnu-toolchain/bin/../lib/gcc/arm-none-eabi/6.2.1/../../../../arm-none-eabi/lib/thumb/v6-m\libc_nano.a(lib_a-nano-msizer.o)
                0x00003c28                _malloc_usable_size_r
 *(.glue_7t)
 .glue_7t       0x00003c38        0x0 linker stubs
 *(.glue_7)
 .glue_7        0x00003c38        0x0 linker stubs
 *(.rodata .rodata* .gnu.linkonce.r.*)
 .rodata.adc_init
                0x00003c38       0xd4 src/ASF/sam0/drivers/adc/adc_sam_d_r_h/adc.o
 .rodata        0x00003d0c       0x50 src/ASF/sam0/drivers/adc/adc_sam_d_r_h/adc.o
 .rodata        0x00003d5c       0x10 src/ASF/sam0/drivers/sercom/sercom.o
 .rodata        0x00003d6c       0x30 src/OCTO_I2C.o
 .rodata.bt_received.str1.4
                0x00003d9c       0x13 src/OCTO_USART.o
 *fill*         0x00003daf        0x1 
 .rodata.bt_start_setup.str1.4
                0x00003db0        0x8 src/OCTO_USART.o
 .rodata.system_clock_source_get_hz
                0x00003db8       0x20 src/ASF/sam0/drivers/system/clock/clock_samd20/clock.o
 .rodata.system_clock_source_enable
                0x00003dd8       0x20 src/ASF/sam0/drivers/system/clock/clock_samd20/clock.o
 .rodata.main.str1.4
                0x00003df8       0x24 src/main.o
                                 0x21 (size before relaxing)
 .rodata._svfprintf_r.str1.1
                0x00003e1c       0x11 c:/program files (x86)/atmel/studio/7.0/toolchain/arm/arm-gnu-toolchain/bin/../lib/gcc/arm-none-eabi/6.2.1/../../../../arm-none-eabi/lib/thumb/v6-m\libc_nano.a(lib_a-nano-svfprintf.o)
 .rodata._printf_i.str1.1
                0x00003e2d       0x22 c:/program files (x86)/atmel/studio/7.0/toolchain/arm/arm-gnu-toolchain/bin/../lib/gcc/arm-none-eabi/6.2.1/../../../../arm-none-eabi/lib/thumb/v6-m\libc_nano.a(lib_a-nano-vfprintf_i.o)
 *(.ARM.extab* .gnu.linkonce.armextab.*)
                0x00003e50                . = ALIGN (0x4)
 *fill*         0x00003e4f        0x1 
 *(.init)
 .init          0x00003e50        0x4 c:/program files (x86)/atmel/studio/7.0/toolchain/arm/arm-gnu-toolchain/bin/../lib/gcc/arm-none-eabi/6.2.1/thumb/v6-m/crti.o
                0x00003e50                _init
 .init          0x00003e54        0x8 c:/program files (x86)/atmel/studio/7.0/toolchain/arm/arm-gnu-toolchain/bin/../lib/gcc/arm-none-eabi/6.2.1/thumb/v6-m/crtn.o
                0x00003e5c                . = ALIGN (0x4)
                0x00003e5c                __preinit_array_start = .
 *(.preinit_array)
                0x00003e5c                __preinit_array_end = .
                0x00003e5c                . = ALIGN (0x4)
                0x00003e5c                __init_array_start = .
 *(SORT(.init_array.*))
 *(.init_array)
 .init_array    0x00003e5c        0x4 c:/program files (x86)/atmel/studio/7.0/toolchain/arm/arm-gnu-toolchain/bin/../lib/gcc/arm-none-eabi/6.2.1/thumb/v6-m/crtbegin.o
                0x00003e60                __init_array_end = .
                0x00003e60                . = ALIGN (0x4)
 *crtbegin.o(.ctors)
 *(EXCLUDE_FILE(*crtend.o) .ctors)
 *(SORT(.ctors.*))
 *crtend.o(.ctors)
                0x00003e60                . = ALIGN (0x4)
 *(.fini)
 .fini          0x00003e60        0x4 c:/program files (x86)/atmel/studio/7.0/toolchain/arm/arm-gnu-toolchain/bin/../lib/gcc/arm-none-eabi/6.2.1/thumb/v6-m/crti.o
                0x00003e60                _fini
 .fini          0x00003e64        0x8 c:/program files (x86)/atmel/studio/7.0/toolchain/arm/arm-gnu-toolchain/bin/../lib/gcc/arm-none-eabi/6.2.1/thumb/v6-m/crtn.o
                0x00003e6c                . = ALIGN (0x4)
                0x00003e6c                __fini_array_start = .
 *(.fini_array)
 .fini_array    0x00003e6c        0x4 c:/program files (x86)/atmel/studio/7.0/toolchain/arm/arm-gnu-toolchain/bin/../lib/gcc/arm-none-eabi/6.2.1/thumb/v6-m/crtbegin.o
 *(SORT(.fini_array.*))
                0x00003e70                __fini_array_end = .
 *crtbegin.o(.dtors)
 *(EXCLUDE_FILE(*crtend.o) .dtors)
 *(SORT(.dtors.*))
 *crtend.o(.dtors)
                0x00003e70                . = ALIGN (0x4)
                0x00003e70                _efixed = .
                [!provide]                PROVIDE (__exidx_start, .)

.vfp11_veneer   0x00003e70        0x0
 .vfp11_veneer  0x00003e70        0x0 linker stubs

.v4_bx          0x00003e70        0x0
 .v4_bx         0x00003e70        0x0 linker stubs

.iplt           0x00003e70        0x0
 .iplt          0x00003e70        0x0 c:/program files (x86)/atmel/studio/7.0/toolchain/arm/arm-gnu-toolchain/bin/../lib/gcc/arm-none-eabi/6.2.1/thumb/v6-m/crtbegin.o

.eh_frame       0x00003e70        0x0
 .eh_frame      0x00003e70        0x0 c:/program files (x86)/atmel/studio/7.0/toolchain/arm/arm-gnu-toolchain/bin/../lib/gcc/arm-none-eabi/6.2.1/thumb/v6-m/crtbegin.o

.rel.dyn        0x00003e70        0x0
 .rel.iplt      0x00003e70        0x0 c:/program files (x86)/atmel/studio/7.0/toolchain/arm/arm-gnu-toolchain/bin/../lib/gcc/arm-none-eabi/6.2.1/thumb/v6-m/crtbegin.o

.jcr            0x00003e70        0x0
 .jcr           0x00003e70        0x0 c:/program files (x86)/atmel/studio/7.0/toolchain/arm/arm-gnu-toolchain/bin/../lib/gcc/arm-none-eabi/6.2.1/thumb/v6-m/crtbegin.o

.igot.plt       0x00003e70        0x0
 .igot.plt      0x00003e70        0x0 c:/program files (x86)/atmel/studio/7.0/toolchain/arm/arm-gnu-toolchain/bin/../lib/gcc/arm-none-eabi/6.2.1/thumb/v6-m/crtbegin.o

.ARM.exidx
 *(.ARM.exidx* .gnu.linkonce.armexidx.*)
                [!provide]                PROVIDE (__exidx_end, .)
                0x00003e70                . = ALIGN (0x4)
                0x00003e70                _etext = .

.relocate       0x20000000       0x78 load address 0x00003e70
                0x20000000                . = ALIGN (0x4)
                0x20000000                _srelocate = .
 *(.ramfunc .ramfunc.*)
 *(.data .data.*)
 .data.cycles_per_ms
                0x20000000        0x4 src/ASF/common2/services/delay/sam0/systick_counter.o
 .data.cycles_per_us
                0x20000004        0x4 src/ASF/common2/services/delay/sam0/systick_counter.o
 .data.dac_enabled
                0x20000008        0x1 src/OCTO_DAC.o
                0x20000008                dac_enabled
 *fill*         0x20000009        0x3 
 .data.configure_registers_al_buffer
                0x2000000c        0x2 src/OCTO_I2C.o
 *fill*         0x2000000e        0x2 
 .data.configure_registers_cc_buffer
                0x20000010        0x2 src/OCTO_I2C.o
 .data.g_interrupt_enabled
                0x20000012        0x1 src/ASF/common/utils/interrupt/interrupt_sam_nvic.o
                0x20000012                g_interrupt_enabled
 *fill*         0x20000013        0x1 
 .data._impure_ptr
                0x20000014        0x4 c:/program files (x86)/atmel/studio/7.0/toolchain/arm/arm-gnu-toolchain/bin/../lib/gcc/arm-none-eabi/6.2.1/../../../../arm-none-eabi/lib/thumb/v6-m\libc_nano.a(lib_a-impure.o)
                0x20000014                _impure_ptr
 .data.impure_data
                0x20000018       0x60 c:/program files (x86)/atmel/studio/7.0/toolchain/arm/arm-gnu-toolchain/bin/../lib/gcc/arm-none-eabi/6.2.1/../../../../arm-none-eabi/lib/thumb/v6-m\libc_nano.a(lib_a-impure.o)
                0x20000078                . = ALIGN (0x4)
                0x20000078                _erelocate = .

.bss            0x20000078      0x210 load address 0x00003ee8
                0x20000078                . = ALIGN (0x4)
                0x20000078                _sbss = .
                0x20000078                _szero = .
 *(.bss .bss.*)
 .bss           0x20000078       0x1c c:/program files (x86)/atmel/studio/7.0/toolchain/arm/arm-gnu-toolchain/bin/../lib/gcc/arm-none-eabi/6.2.1/thumb/v6-m/crtbegin.o
 .bss._sercom_config
                0x20000094        0x2 src/ASF/sam0/drivers/sercom/sercom.o
 .bss._handler_table_initialized
                0x20000096        0x1 src/ASF/sam0/drivers/sercom/sercom_interrupt.o
 *fill*         0x20000097        0x1 
 .bss._sercom_interrupt_handlers
                0x20000098       0x10 src/ASF/sam0/drivers/sercom/sercom_interrupt.o
 .bss.configure_registers_accumulated_buffer
                0x200000a8        0x2 src/OCTO_I2C.o
 *fill*         0x200000aa        0x2 
 .bss.read_buffer
                0x200000ac        0x4 src/OCTO_I2C.o
 .bss.tick_counter
                0x200000b0        0x4 src/OCTO_RTC.o
                0x200000b0                tick_counter
 .bss.bt_counting
                0x200000b4        0x1 src/OCTO_USART.o
                0x200000b4                bt_counting
 .bss.bt_start_received
                0x200000b5        0x1 src/OCTO_USART.o
                0x200000b5                bt_start_received
 *fill*         0x200000b6        0x2 
 .bss.cpu_irq_critical_section_counter
                0x200000b8        0x4 src/ASF/common/utils/interrupt/interrupt_sam_nvic.o
 .bss.cpu_irq_prev_interrupt_state
                0x200000bc        0x1 src/ASF/common/utils/interrupt/interrupt_sam_nvic.o
 *fill*         0x200000bd        0x3 
 .bss._system_clock_inst
                0x200000c0       0x14 src/ASF/sam0/drivers/system/clock/clock_samd20/clock.o
 .bss.heap.5276
                0x200000d4        0x4 src/ASF/sam0/utils/syscalls/gcc/syscalls.o
 .bss.__malloc_free_list
                0x200000d8        0x4 c:/program files (x86)/atmel/studio/7.0/toolchain/arm/arm-gnu-toolchain/bin/../lib/gcc/arm-none-eabi/6.2.1/../../../../arm-none-eabi/lib/thumb/v6-m\libc_nano.a(lib_a-nano-mallocr.o)
                0x200000d8                __malloc_free_list
 .bss.__malloc_sbrk_start
                0x200000dc        0x4 c:/program files (x86)/atmel/studio/7.0/toolchain/arm/arm-gnu-toolchain/bin/../lib/gcc/arm-none-eabi/6.2.1/../../../../arm-none-eabi/lib/thumb/v6-m\libc_nano.a(lib_a-nano-mallocr.o)
                0x200000dc                __malloc_sbrk_start
 *(COMMON)
 COMMON         0x200000e0        0x4 src/ASF/sam0/drivers/adc/adc_sam_d_r_h/adc_callback.o
                0x200000e0                _adc_instances
 COMMON         0x200000e4        0x4 src/ASF/sam0/drivers/dac/dac_sam_d_c_h/dac_callback.o
                0x200000e4                _dac_instances
 COMMON         0x200000e8        0x1 src/ASF/sam0/drivers/extint/extint_callback.o
                0x200000e8                _current_channel
 *fill*         0x200000e9        0x3 
 COMMON         0x200000ec       0x40 src/ASF/sam0/drivers/extint/extint_sam_d_r_h/extint.o
                0x200000ec                _extint_dev
 COMMON         0x2000012c        0x4 src/ASF/sam0/drivers/rtc/rtc_sam_d_r_h/rtc_count.o
                0x2000012c                _rtc_instance
 COMMON         0x20000130       0x10 src/ASF/sam0/drivers/sercom/sercom_interrupt.o
                0x20000130                _sercom_instances
 COMMON         0x20000140       0x20 src/OCTO_ADC.o
                0x20000140                adc_instance
 COMMON         0x20000160       0x80 src/OCTO_DAC.o
                0x20000160                light_bcap_previous_mode
                0x20000161                bcap_enable
                0x20000164                bcap_touch_counter
                0x20000168                bcap_high
                0x2000016c                batt_reached_low_power
                0x2000016d                activated
                0x20000170                bcap_limit_temp
                0x20000174                battery_level
                0x20000178                batt_reached_max
                0x2000017c                light_state
                0x20000188                low_power_update_app
                0x2000018a                bright_reference
                0x2000018c                dac_instance
                0x200001b0                low_power_timer
                0x200001b4                sos_mode
                0x200001b8                led_timer
                0x200001bc                strobe_counter
                0x200001c0                bcap_calibrate_counter
                0x200001c4                poll_requested
                0x200001c5                bcap_update_app
                0x200001c6                fade_bright_step
                0x200001c8                bcap_timer
                0x200001cc                bcap_counter
                0x200001d0                bcap_notouch_counter
                0x200001d4                bt_timer
                0x200001d8                pin_conf
                0x200001dc                bcap_low
 COMMON         0x200001e0       0x28 src/OCTO_I2C.o
                0x200001e0                gas_gauge_instance
 COMMON         0x20000208       0x18 src/OCTO_RTC.o
                0x20000208                rtc_instance
 COMMON         0x20000220       0x61 src/OCTO_USART.o
                0x20000220                bt_usart_instance
                0x20000244                dbg_usart_instance
                0x20000268                rx_buffer
                0x2000026c                bt_message
                0x20000280                bt_connected
 *fill*         0x20000281        0x3 
 COMMON         0x20000284        0x4 c:/program files (x86)/atmel/studio/7.0/toolchain/arm/arm-gnu-toolchain/bin/../lib/gcc/arm-none-eabi/6.2.1/../../../../arm-none-eabi/lib/thumb/v6-m\libc_nano.a(lib_a-reent.o)
                0x20000284                errno
                0x20000288                . = ALIGN (0x4)
                0x20000288                _ebss = .
                0x20000288                _ezero = .

.stack          0x20000288     0x2000 load address 0x000040f8
                0x20000288                . = ALIGN (0x8)
                0x20000288                _sstack = .
                0x20002288                . = (. + STACK_SIZE)
 *fill*         0x20000288     0x2000 
                0x20002288                . = ALIGN (0x8)
                0x20002288                _estack = .
                0x20002288                . = ALIGN (0x4)
                0x20002288                _end = .
OUTPUT(OCTOD20.elf elf32-littlearm)

.ARM.attributes
                0x00000000       0x28
 .ARM.attributes
                0x00000000       0x1e c:/program files (x86)/atmel/studio/7.0/toolchain/arm/arm-gnu-toolchain/bin/../lib/gcc/arm-none-eabi/6.2.1/thumb/v6-m/crti.o
 .ARM.attributes
                0x0000001e       0x2c c:/program files (x86)/atmel/studio/7.0/toolchain/arm/arm-gnu-toolchain/bin/../lib/gcc/arm-none-eabi/6.2.1/thumb/v6-m/crtbegin.o
 .ARM.attributes
                0x0000004a       0x32 src/ASF/common2/services/delay/sam0/systick_counter.o
 .ARM.attributes
                0x0000007c       0x32 src/ASF/sam0/drivers/adc/adc_sam_d_r_h/adc.o
 .ARM.attributes
                0x000000ae       0x32 src/ASF/sam0/drivers/adc/adc_sam_d_r_h/adc_callback.o
 .ARM.attributes
                0x000000e0       0x32 src/ASF/sam0/drivers/dac/dac_sam_d_c_h/dac.o
 .ARM.attributes
                0x00000112       0x32 src/ASF/sam0/drivers/dac/dac_sam_d_c_h/dac_callback.o
 .ARM.attributes
                0x00000144       0x32 src/ASF/sam0/drivers/extint/extint_callback.o
 .ARM.attributes
                0x00000176       0x32 src/ASF/sam0/drivers/extint/extint_sam_d_r_h/extint.o
 .ARM.attributes
                0x000001a8       0x32 src/ASF/sam0/drivers/port/port.o
 .ARM.attributes
                0x000001da       0x32 src/ASF/sam0/drivers/rtc/rtc_sam_d_r_h/rtc_count.o
 .ARM.attributes
                0x0000020c       0x32 src/ASF/sam0/drivers/rtc/rtc_sam_d_r_h/rtc_count_interrupt.o
 .ARM.attributes
                0x0000023e       0x32 src/ASF/sam0/drivers/sercom/i2c/i2c_samd20/i2c_master.o
 .ARM.attributes
                0x00000270       0x32 src/ASF/sam0/drivers/sercom/i2c/i2c_samd20/i2c_master_interrupt.o
 .ARM.attributes
                0x000002a2       0x32 src/ASF/sam0/drivers/sercom/sercom.o
 .ARM.attributes
                0x000002d4       0x32 src/ASF/sam0/drivers/sercom/sercom_interrupt.o
 .ARM.attributes
                0x00000306       0x32 src/ASF/sam0/drivers/sercom/usart/usart.o
 .ARM.attributes
                0x00000338       0x32 src/ASF/sam0/drivers/sercom/usart/usart_interrupt.o
 .ARM.attributes
                0x0000036a       0x32 src/OCTO_ADC.o
 .ARM.attributes
                0x0000039c       0x32 src/OCTO_DAC.o
 .ARM.attributes
                0x000003ce       0x32 src/OCTO_I2C.o
 .ARM.attributes
                0x00000400       0x32 src/OCTO_RTC.o
 .ARM.attributes
                0x00000432       0x32 src/OCTO_USART.o
 .ARM.attributes
                0x00000464       0x32 src/ASF/common2/boards/user_board/init.o
 .ARM.attributes
                0x00000496       0x32 src/ASF/common/utils/interrupt/interrupt_sam_nvic.o
 .ARM.attributes
                0x000004c8       0x32 src/ASF/sam0/drivers/system/clock/clock_samd20/clock.o
 .ARM.attributes
                0x000004fa       0x32 src/ASF/sam0/drivers/system/clock/clock_samd20/gclk.o
 .ARM.attributes
                0x0000052c       0x32 src/ASF/sam0/drivers/system/pinmux/pinmux.o
 .ARM.attributes
                0x0000055e       0x32 src/ASF/sam0/drivers/system/system.o
 .ARM.attributes
                0x00000590       0x32 src/ASF/sam0/utils/cmsis/samd20/source/gcc/startup_samd20.o
 .ARM.attributes
                0x000005c2       0x32 src/ASF/sam0/utils/syscalls/gcc/syscalls.o
 .ARM.attributes
                0x000005f4       0x32 src/main.o
 .ARM.attributes
                0x00000626       0x1e c:/program files (x86)/atmel/studio/7.0/toolchain/arm/arm-gnu-toolchain/bin/../lib/gcc/arm-none-eabi/6.2.1/thumb/v6-m\libgcc.a(_udivsi3.o)
 .ARM.attributes
                0x00000644       0x1e c:/program files (x86)/atmel/studio/7.0/toolchain/arm/arm-gnu-toolchain/bin/../lib/gcc/arm-none-eabi/6.2.1/thumb/v6-m\libgcc.a(_divsi3.o)
 .ARM.attributes
                0x00000662       0x1e c:/program files (x86)/atmel/studio/7.0/toolchain/arm/arm-gnu-toolchain/bin/../lib/gcc/arm-none-eabi/6.2.1/thumb/v6-m\libgcc.a(_dvmd_tls.o)
 .ARM.attributes
                0x00000680       0x2c c:/program files (x86)/atmel/studio/7.0/toolchain/arm/arm-gnu-toolchain/bin/../lib/gcc/arm-none-eabi/6.2.1/thumb/v6-m\libgcc.a(_muldi3.o)
 .ARM.attributes
                0x000006ac       0x2c c:/program files (x86)/atmel/studio/7.0/toolchain/arm/arm-gnu-toolchain/bin/../lib/gcc/arm-none-eabi/6.2.1/../../../../arm-none-eabi/lib/thumb/v6-m\libc_nano.a(lib_a-impure.o)
 .ARM.attributes
                0x000006d8       0x2c c:/program files (x86)/atmel/studio/7.0/toolchain/arm/arm-gnu-toolchain/bin/../lib/gcc/arm-none-eabi/6.2.1/../../../../arm-none-eabi/lib/thumb/v6-m\libc_nano.a(lib_a-init.o)
 .ARM.attributes
                0x00000704       0x2c c:/program files (x86)/atmel/studio/7.0/toolchain/arm/arm-gnu-toolchain/bin/../lib/gcc/arm-none-eabi/6.2.1/../../../../arm-none-eabi/lib/thumb/v6-m\libc_nano.a(lib_a-memcpy-stub.o)
 .ARM.attributes
                0x00000730       0x2c c:/program files (x86)/atmel/studio/7.0/toolchain/arm/arm-gnu-toolchain/bin/../lib/gcc/arm-none-eabi/6.2.1/../../../../arm-none-eabi/lib/thumb/v6-m\libc_nano.a(lib_a-sprintf.o)
 .ARM.attributes
                0x0000075c       0x1c c:/program files (x86)/atmel/studio/7.0/toolchain/arm/arm-gnu-toolchain/bin/../lib/gcc/arm-none-eabi/6.2.1/../../../../arm-none-eabi/lib/thumb/v6-m\libc_nano.a(lib_a-strcmp.o)
 .ARM.attributes
                0x00000778       0x2c c:/program files (x86)/atmel/studio/7.0/toolchain/arm/arm-gnu-toolchain/bin/../lib/gcc/arm-none-eabi/6.2.1/../../../../arm-none-eabi/lib/thumb/v6-m\libc_nano.a(lib_a-nano-svfprintf.o)
 .ARM.attributes
                0x000007a4       0x2c c:/program files (x86)/atmel/studio/7.0/toolchain/arm/arm-gnu-toolchain/bin/../lib/gcc/arm-none-eabi/6.2.1/../../../../arm-none-eabi/lib/thumb/v6-m\libc_nano.a(lib_a-nano-vfprintf_i.o)
 .ARM.attributes
                0x000007d0       0x2c c:/program files (x86)/atmel/studio/7.0/toolchain/arm/arm-gnu-toolchain/bin/../lib/gcc/arm-none-eabi/6.2.1/../../../../arm-none-eabi/lib/thumb/v6-m\libc_nano.a(lib_a-memchr-stub.o)
 .ARM.attributes
                0x000007fc       0x2c c:/program files (x86)/atmel/studio/7.0/toolchain/arm/arm-gnu-toolchain/bin/../lib/gcc/arm-none-eabi/6.2.1/../../../../arm-none-eabi/lib/thumb/v6-m\libc_nano.a(lib_a-memmove.o)
 .ARM.attributes
                0x00000828       0x2c c:/program files (x86)/atmel/studio/7.0/toolchain/arm/arm-gnu-toolchain/bin/../lib/gcc/arm-none-eabi/6.2.1/../../../../arm-none-eabi/lib/thumb/v6-m\libc_nano.a(lib_a-nano-freer.o)
 .ARM.attributes
                0x00000854       0x2c c:/program files (x86)/atmel/studio/7.0/toolchain/arm/arm-gnu-toolchain/bin/../lib/gcc/arm-none-eabi/6.2.1/../../../../arm-none-eabi/lib/thumb/v6-m\libc_nano.a(lib_a-nano-mallocr.o)
 .ARM.attributes
                0x00000880       0x2c c:/program files (x86)/atmel/studio/7.0/toolchain/arm/arm-gnu-toolchain/bin/../lib/gcc/arm-none-eabi/6.2.1/../../../../arm-none-eabi/lib/thumb/v6-m\libc_nano.a(lib_a-nano-reallocr.o)
 .ARM.attributes
                0x000008ac       0x2c c:/program files (x86)/atmel/studio/7.0/toolchain/arm/arm-gnu-toolchain/bin/../lib/gcc/arm-none-eabi/6.2.1/../../../../arm-none-eabi/lib/thumb/v6-m\libc_nano.a(lib_a-sbrkr.o)
 .ARM.attributes
                0x000008d8       0x2c c:/program files (x86)/atmel/studio/7.0/toolchain/arm/arm-gnu-toolchain/bin/../lib/gcc/arm-none-eabi/6.2.1/../../../../arm-none-eabi/lib/thumb/v6-m\libc_nano.a(lib_a-mlock.o)
 .ARM.attributes
                0x00000904       0x2c c:/program files (x86)/atmel/studio/7.0/toolchain/arm/arm-gnu-toolchain/bin/../lib/gcc/arm-none-eabi/6.2.1/../../../../arm-none-eabi/lib/thumb/v6-m\libc_nano.a(lib_a-nano-msizer.o)
 .ARM.attributes
                0x00000930       0x2c c:/program files (x86)/atmel/studio/7.0/toolchain/arm/arm-gnu-toolchain/bin/../lib/gcc/arm-none-eabi/6.2.1/../../../../arm-none-eabi/lib/thumb/v6-m\libc_nano.a(lib_a-reent.o)
 .ARM.attributes
                0x0000095c       0x1e c:/program files (x86)/atmel/studio/7.0/toolchain/arm/arm-gnu-toolchain/bin/../lib/gcc/arm-none-eabi/6.2.1/thumb/v6-m/crtn.o

.comment        0x00000000       0x59
 .comment       0x00000000       0x59 src/ASF/common2/services/delay/sam0/systick_counter.o
                                 0x5a (size before relaxing)
 .comment       0x00000059       0x5a src/ASF/sam0/drivers/adc/adc_sam_d_r_h/adc.o
 .comment       0x00000059       0x5a src/ASF/sam0/drivers/adc/adc_sam_d_r_h/adc_callback.o
 .comment       0x00000059       0x5a src/ASF/sam0/drivers/dac/dac_sam_d_c_h/dac.o
 .comment       0x00000059       0x5a src/ASF/sam0/drivers/dac/dac_sam_d_c_h/dac_callback.o
 .comment       0x00000059       0x5a src/ASF/sam0/drivers/extint/extint_callback.o
 .comment       0x00000059       0x5a src/ASF/sam0/drivers/extint/extint_sam_d_r_h/extint.o
 .comment       0x00000059       0x5a src/ASF/sam0/drivers/port/port.o
 .comment       0x00000059       0x5a src/ASF/sam0/drivers/rtc/rtc_sam_d_r_h/rtc_count.o
 .comment       0x00000059       0x5a src/ASF/sam0/drivers/rtc/rtc_sam_d_r_h/rtc_count_interrupt.o
 .comment       0x00000059       0x5a src/ASF/sam0/drivers/sercom/i2c/i2c_samd20/i2c_master.o
 .comment       0x00000059       0x5a src/ASF/sam0/drivers/sercom/i2c/i2c_samd20/i2c_master_interrupt.o
 .comment       0x00000059       0x5a src/ASF/sam0/drivers/sercom/sercom.o
 .comment       0x00000059       0x5a src/ASF/sam0/drivers/sercom/sercom_interrupt.o
 .comment       0x00000059       0x5a src/ASF/sam0/drivers/sercom/usart/usart.o
 .comment       0x00000059       0x5a src/ASF/sam0/drivers/sercom/usart/usart_interrupt.o
 .comment       0x00000059       0x5a src/OCTO_ADC.o
 .comment       0x00000059       0x5a src/OCTO_DAC.o
 .comment       0x00000059       0x5a src/OCTO_I2C.o
 .comment       0x00000059       0x5a src/OCTO_RTC.o
 .comment       0x00000059       0x5a src/OCTO_USART.o
 .comment       0x00000059       0x5a src/ASF/common2/boards/user_board/init.o
 .comment       0x00000059       0x5a src/ASF/common/utils/interrupt/interrupt_sam_nvic.o
 .comment       0x00000059       0x5a src/ASF/sam0/drivers/system/clock/clock_samd20/clock.o
 .comment       0x00000059       0x5a src/ASF/sam0/drivers/system/clock/clock_samd20/gclk.o
 .comment       0x00000059       0x5a src/ASF/sam0/drivers/system/pinmux/pinmux.o
 .comment       0x00000059       0x5a src/ASF/sam0/drivers/system/system.o
 .comment       0x00000059       0x5a src/ASF/sam0/utils/cmsis/samd20/source/gcc/startup_samd20.o
 .comment       0x00000059       0x5a src/ASF/sam0/utils/syscalls/gcc/syscalls.o
 .comment       0x00000059       0x5a src/main.o

.debug_info     0x00000000    0x495a8
 .debug_info    0x00000000      0xb81 src/ASF/common2/services/delay/sam0/systick_counter.o
 .debug_info    0x00000b81     0x3a15 src/ASF/sam0/drivers/adc/adc_sam_d_r_h/adc.o
 .debug_info    0x00004596     0x1bd0 src/ASF/sam0/drivers/adc/adc_sam_d_r_h/adc_callback.o
 .debug_info    0x00006166     0x2ff1 src/ASF/sam0/drivers/dac/dac_sam_d_c_h/dac.o
 .debug_info    0x00009157     0x1755 src/ASF/sam0/drivers/dac/dac_sam_d_c_h/dac_callback.o
 .debug_info    0x0000a8ac     0x1991 src/ASF/sam0/drivers/extint/extint_callback.o
 .debug_info    0x0000c23d     0x29d8 src/ASF/sam0/drivers/extint/extint_sam_d_r_h/extint.o
 .debug_info    0x0000ec15     0x12ac src/ASF/sam0/drivers/port/port.o
 .debug_info    0x0000fec1     0x3325 src/ASF/sam0/drivers/rtc/rtc_sam_d_r_h/rtc_count.o
 .debug_info    0x000131e6     0x2179 src/ASF/sam0/drivers/rtc/rtc_sam_d_r_h/rtc_count_interrupt.o
 .debug_info    0x0001535f     0x4644 src/ASF/sam0/drivers/sercom/i2c/i2c_samd20/i2c_master.o
 .debug_info    0x000199a3     0x29c0 src/ASF/sam0/drivers/sercom/i2c/i2c_samd20/i2c_master_interrupt.o
 .debug_info    0x0001c363     0x2644 src/ASF/sam0/drivers/sercom/sercom.o
 .debug_info    0x0001e9a7     0x23d8 src/ASF/sam0/drivers/sercom/sercom_interrupt.o
 .debug_info    0x00020d7f     0x42ab src/ASF/sam0/drivers/sercom/usart/usart.o
 .debug_info    0x0002502a     0x287b src/ASF/sam0/drivers/sercom/usart/usart_interrupt.o
 .debug_info    0x000278a5     0x2e03 src/OCTO_ADC.o
 .debug_info    0x0002a6a8     0x2b44 src/OCTO_DAC.o
 .debug_info    0x0002d1ec     0x3cf5 src/OCTO_I2C.o
 .debug_info    0x00030ee1     0x349b src/OCTO_RTC.o
 .debug_info    0x0003437c     0x4385 src/OCTO_USART.o
 .debug_info    0x00038701     0x299a src/ASF/common2/boards/user_board/init.o
 .debug_info    0x0003b09b      0xafb src/ASF/common/utils/interrupt/interrupt_sam_nvic.o
 .debug_info    0x0003bb96     0x3cde src/ASF/sam0/drivers/system/clock/clock_samd20/clock.o
 .debug_info    0x0003f874     0x1ddc src/ASF/sam0/drivers/system/clock/clock_samd20/gclk.o
 .debug_info    0x00041650     0x136a src/ASF/sam0/drivers/system/pinmux/pinmux.o
 .debug_info    0x000429ba      0xa67 src/ASF/sam0/drivers/system/system.o
 .debug_info    0x00043421      0x9c9 src/ASF/sam0/utils/cmsis/samd20/source/gcc/startup_samd20.o
 .debug_info    0x00043dea      0xd8c src/ASF/sam0/utils/syscalls/gcc/syscalls.o
 .debug_info    0x00044b76     0x4a32 src/main.o

.debug_abbrev   0x00000000     0x6bb1
 .debug_abbrev  0x00000000      0x24b src/ASF/common2/services/delay/sam0/systick_counter.o
 .debug_abbrev  0x0000024b      0x453 src/ASF/sam0/drivers/adc/adc_sam_d_r_h/adc.o
 .debug_abbrev  0x0000069e      0x3b8 src/ASF/sam0/drivers/adc/adc_sam_d_r_h/adc_callback.o
 .debug_abbrev  0x00000a56      0x458 src/ASF/sam0/drivers/dac/dac_sam_d_c_h/dac.o
 .debug_abbrev  0x00000eae      0x3b2 src/ASF/sam0/drivers/dac/dac_sam_d_c_h/dac_callback.o
 .debug_abbrev  0x00001260      0x333 src/ASF/sam0/drivers/extint/extint_callback.o
 .debug_abbrev  0x00001593      0x4a7 src/ASF/sam0/drivers/extint/extint_sam_d_r_h/extint.o
 .debug_abbrev  0x00001a3a      0x298 src/ASF/sam0/drivers/port/port.o
 .debug_abbrev  0x00001cd2      0x454 src/ASF/sam0/drivers/rtc/rtc_sam_d_r_h/rtc_count.o
 .debug_abbrev  0x00002126      0x325 src/ASF/sam0/drivers/rtc/rtc_sam_d_r_h/rtc_count_interrupt.o
 .debug_abbrev  0x0000244b      0x510 src/ASF/sam0/drivers/sercom/i2c/i2c_samd20/i2c_master.o
 .debug_abbrev  0x0000295b      0x3fa src/ASF/sam0/drivers/sercom/i2c/i2c_samd20/i2c_master_interrupt.o
 .debug_abbrev  0x00002d55      0x378 src/ASF/sam0/drivers/sercom/sercom.o
 .debug_abbrev  0x000030cd      0x2da src/ASF/sam0/drivers/sercom/sercom_interrupt.o
 .debug_abbrev  0x000033a7      0x480 src/ASF/sam0/drivers/sercom/usart/usart.o
 .debug_abbrev  0x00003827      0x416 src/ASF/sam0/drivers/sercom/usart/usart_interrupt.o
 .debug_abbrev  0x00003c3d      0x3e1 src/OCTO_ADC.o
 .debug_abbrev  0x0000401e      0x373 src/OCTO_DAC.o
 .debug_abbrev  0x00004391      0x3e2 src/OCTO_I2C.o
 .debug_abbrev  0x00004773      0x384 src/OCTO_RTC.o
 .debug_abbrev  0x00004af7      0x423 src/OCTO_USART.o
 .debug_abbrev  0x00004f1a      0x340 src/ASF/common2/boards/user_board/init.o
 .debug_abbrev  0x0000525a      0x22c src/ASF/common/utils/interrupt/interrupt_sam_nvic.o
 .debug_abbrev  0x00005486      0x4a1 src/ASF/sam0/drivers/system/clock/clock_samd20/clock.o
 .debug_abbrev  0x00005927      0x3f1 src/ASF/sam0/drivers/system/clock/clock_samd20/gclk.o
 .debug_abbrev  0x00005d18      0x332 src/ASF/sam0/drivers/system/pinmux/pinmux.o
 .debug_abbrev  0x0000604a      0x1e1 src/ASF/sam0/drivers/system/system.o
 .debug_abbrev  0x0000622b      0x1e4 src/ASF/sam0/utils/cmsis/samd20/source/gcc/startup_samd20.o
 .debug_abbrev  0x0000640f      0x257 src/ASF/sam0/utils/syscalls/gcc/syscalls.o
 .debug_abbrev  0x00006666      0x54b src/main.o

.debug_loc      0x00000000     0x8dc7
 .debug_loc     0x00000000       0xe4 src/ASF/common2/services/delay/sam0/systick_counter.o
 .debug_loc     0x000000e4      0x95f src/ASF/sam0/drivers/adc/adc_sam_d_r_h/adc.o
 .debug_loc     0x00000a43      0x34a src/ASF/sam0/drivers/adc/adc_sam_d_r_h/adc_callback.o
 .debug_loc     0x00000d8d      0x713 src/ASF/sam0/drivers/dac/dac_sam_d_c_h/dac.o
 .debug_loc     0x000014a0      0x4f8 src/ASF/sam0/drivers/dac/dac_sam_d_c_h/dac_callback.o
 .debug_loc     0x00001998      0x2ac src/ASF/sam0/drivers/extint/extint_callback.o
 .debug_loc     0x00001c44      0x43d src/ASF/sam0/drivers/extint/extint_sam_d_r_h/extint.o
 .debug_loc     0x00002081      0x13d src/ASF/sam0/drivers/port/port.o
 .debug_loc     0x000021be      0x86b src/ASF/sam0/drivers/rtc/rtc_sam_d_r_h/rtc_count.o
 .debug_loc     0x00002a29      0x272 src/ASF/sam0/drivers/rtc/rtc_sam_d_r_h/rtc_count_interrupt.o
 .debug_loc     0x00002c9b      0xcad src/ASF/sam0/drivers/sercom/i2c/i2c_samd20/i2c_master.o
 .debug_loc     0x00003948      0x64e src/ASF/sam0/drivers/sercom/i2c/i2c_samd20/i2c_master_interrupt.o
 .debug_loc     0x00003f96      0x93e src/ASF/sam0/drivers/sercom/sercom.o
 .debug_loc     0x000048d4      0x165 src/ASF/sam0/drivers/sercom/sercom_interrupt.o
 .debug_loc     0x00004a39      0xc56 src/ASF/sam0/drivers/sercom/usart/usart.o
 .debug_loc     0x0000568f      0x6b6 src/ASF/sam0/drivers/sercom/usart/usart_interrupt.o
 .debug_loc     0x00005d45      0x88b src/OCTO_ADC.o
 .debug_loc     0x000065d0      0x170 src/OCTO_DAC.o
 .debug_loc     0x00006740      0x2b8 src/OCTO_I2C.o
 .debug_loc     0x000069f8       0x80 src/OCTO_RTC.o
 .debug_loc     0x00006a78      0x4d2 src/OCTO_USART.o
 .debug_loc     0x00006f4a      0x2ff src/ASF/common2/boards/user_board/init.o
 .debug_loc     0x00007249      0xe5a src/ASF/sam0/drivers/system/clock/clock_samd20/clock.o
 .debug_loc     0x000080a3      0x504 src/ASF/sam0/drivers/system/clock/clock_samd20/gclk.o
 .debug_loc     0x000085a7      0x322 src/ASF/sam0/drivers/system/pinmux/pinmux.o
 .debug_loc     0x000088c9       0x20 src/ASF/sam0/drivers/system/system.o
 .debug_loc     0x000088e9       0x40 src/ASF/sam0/utils/cmsis/samd20/source/gcc/startup_samd20.o
 .debug_loc     0x00008929       0xef src/ASF/sam0/utils/syscalls/gcc/syscalls.o
 .debug_loc     0x00008a18      0x3af src/main.o

.debug_aranges  0x00000000      0x9b0
 .debug_aranges
                0x00000000       0x30 src/ASF/common2/services/delay/sam0/systick_counter.o
 .debug_aranges
                0x00000030       0x38 src/ASF/sam0/drivers/adc/adc_sam_d_r_h/adc.o
 .debug_aranges
                0x00000068       0x48 src/ASF/sam0/drivers/adc/adc_sam_d_r_h/adc_callback.o
 .debug_aranges
                0x000000b0       0xa8 src/ASF/sam0/drivers/dac/dac_sam_d_c_h/dac.o
 .debug_aranges
                0x00000158       0x60 src/ASF/sam0/drivers/dac/dac_sam_d_c_h/dac_callback.o
 .debug_aranges
                0x000001b8       0x48 src/ASF/sam0/drivers/extint/extint_callback.o
 .debug_aranges
                0x00000200       0x50 src/ASF/sam0/drivers/extint/extint_sam_d_r_h/extint.o
 .debug_aranges
                0x00000250       0x28 src/ASF/sam0/drivers/port/port.o
 .debug_aranges
                0x00000278       0x88 src/ASF/sam0/drivers/rtc/rtc_sam_d_r_h/rtc_count.o
 .debug_aranges
                0x00000300       0x40 src/ASF/sam0/drivers/rtc/rtc_sam_d_r_h/rtc_count_interrupt.o
 .debug_aranges
                0x00000340       0x98 src/ASF/sam0/drivers/sercom/i2c/i2c_samd20/i2c_master.o
 .debug_aranges
                0x000003d8       0x80 src/ASF/sam0/drivers/sercom/i2c/i2c_samd20/i2c_master_interrupt.o
 .debug_aranges
                0x00000458       0x48 src/ASF/sam0/drivers/sercom/sercom.o
 .debug_aranges
                0x000004a0       0x50 src/ASF/sam0/drivers/sercom/sercom_interrupt.o
 .debug_aranges
                0x000004f0       0x40 src/ASF/sam0/drivers/sercom/usart/usart.o
 .debug_aranges
                0x00000530       0x70 src/ASF/sam0/drivers/sercom/usart/usart_interrupt.o
 .debug_aranges
                0x000005a0       0x40 src/OCTO_ADC.o
 .debug_aranges
                0x000005e0       0x28 src/OCTO_DAC.o
 .debug_aranges
                0x00000608       0x40 src/OCTO_I2C.o
 .debug_aranges
                0x00000648       0x38 src/OCTO_RTC.o
 .debug_aranges
                0x00000680       0x68 src/OCTO_USART.o
 .debug_aranges
                0x000006e8       0x30 src/ASF/common2/boards/user_board/init.o
 .debug_aranges
                0x00000718       0x28 src/ASF/common/utils/interrupt/interrupt_sam_nvic.o
 .debug_aranges
                0x00000740       0x70 src/ASF/sam0/drivers/system/clock/clock_samd20/clock.o
 .debug_aranges
                0x000007b0       0x80 src/ASF/sam0/drivers/system/clock/clock_samd20/gclk.o
 .debug_aranges
                0x00000830       0x38 src/ASF/sam0/drivers/system/pinmux/pinmux.o
 .debug_aranges
                0x00000868       0x28 src/ASF/sam0/drivers/system/system.o
 .debug_aranges
                0x00000890       0x28 src/ASF/sam0/utils/cmsis/samd20/source/gcc/startup_samd20.o
 .debug_aranges
                0x000008b8       0x60 src/ASF/sam0/utils/syscalls/gcc/syscalls.o
 .debug_aranges
                0x00000918       0x98 src/main.o

.debug_ranges   0x00000000      0xb08
 .debug_ranges  0x00000000       0x50 src/ASF/common2/services/delay/sam0/systick_counter.o
 .debug_ranges  0x00000050       0xb8 src/ASF/sam0/drivers/adc/adc_sam_d_r_h/adc.o
 .debug_ranges  0x00000108       0x50 src/ASF/sam0/drivers/adc/adc_sam_d_r_h/adc_callback.o
 .debug_ranges  0x00000158       0xb8 src/ASF/sam0/drivers/dac/dac_sam_d_c_h/dac.o
 .debug_ranges  0x00000210       0x68 src/ASF/sam0/drivers/dac/dac_sam_d_c_h/dac_callback.o
 .debug_ranges  0x00000278       0x90 src/ASF/sam0/drivers/extint/extint_callback.o
 .debug_ranges  0x00000308       0x40 src/ASF/sam0/drivers/extint/extint_sam_d_r_h/extint.o
 .debug_ranges  0x00000348       0x18 src/ASF/sam0/drivers/port/port.o
 .debug_ranges  0x00000360       0x90 src/ASF/sam0/drivers/rtc/rtc_sam_d_r_h/rtc_count.o
 .debug_ranges  0x000003f0       0x50 src/ASF/sam0/drivers/rtc/rtc_sam_d_r_h/rtc_count_interrupt.o
 .debug_ranges  0x00000440       0xa0 src/ASF/sam0/drivers/sercom/i2c/i2c_samd20/i2c_master.o
 .debug_ranges  0x000004e0       0x70 src/ASF/sam0/drivers/sercom/i2c/i2c_samd20/i2c_master_interrupt.o
 .debug_ranges  0x00000550       0x58 src/ASF/sam0/drivers/sercom/sercom.o
 .debug_ranges  0x000005a8       0x40 src/ASF/sam0/drivers/sercom/sercom_interrupt.o
 .debug_ranges  0x000005e8      0x100 src/ASF/sam0/drivers/sercom/usart/usart.o
 .debug_ranges  0x000006e8       0x60 src/ASF/sam0/drivers/sercom/usart/usart_interrupt.o
 .debug_ranges  0x00000748       0x60 src/OCTO_ADC.o
 .debug_ranges  0x000007a8       0x30 src/OCTO_DAC.o
 .debug_ranges  0x000007d8       0x30 src/OCTO_I2C.o
 .debug_ranges  0x00000808       0x28 src/OCTO_RTC.o
 .debug_ranges  0x00000830       0x70 src/OCTO_USART.o
 .debug_ranges  0x000008a0       0x38 src/ASF/common2/boards/user_board/init.o
 .debug_ranges  0x000008d8       0x18 src/ASF/common/utils/interrupt/interrupt_sam_nvic.o
 .debug_ranges  0x000008f0       0x60 src/ASF/sam0/drivers/system/clock/clock_samd20/clock.o
 .debug_ranges  0x00000950       0x88 src/ASF/sam0/drivers/system/clock/clock_samd20/gclk.o
 .debug_ranges  0x000009d8       0x28 src/ASF/sam0/drivers/system/pinmux/pinmux.o
 .debug_ranges  0x00000a00       0x18 src/ASF/sam0/drivers/system/system.o
 .debug_ranges  0x00000a18       0x18 src/ASF/sam0/utils/cmsis/samd20/source/gcc/startup_samd20.o
 .debug_ranges  0x00000a30       0x50 src/ASF/sam0/utils/syscalls/gcc/syscalls.o
 .debug_ranges  0x00000a80       0x88 src/main.o

.debug_macro    0x00000000    0x16ef6
 .debug_macro   0x00000000      0x4b8 src/ASF/common2/services/delay/sam0/systick_counter.o
 .debug_macro   0x000004b8      0x8ce src/ASF/common2/services/delay/sam0/systick_counter.o
 .debug_macro   0x00000d86      0x16d src/ASF/common2/services/delay/sam0/systick_counter.o
 .debug_macro   0x00000ef3      0x64b src/ASF/common2/services/delay/sam0/systick_counter.o
 .debug_macro   0x0000153e       0x22 src/ASF/common2/services/delay/sam0/systick_counter.o
 .debug_macro   0x00001560       0x87 src/ASF/common2/services/delay/sam0/systick_counter.o
 .debug_macro   0x000015e7       0x51 src/ASF/common2/services/delay/sam0/systick_counter.o
 .debug_macro   0x00001638       0xef src/ASF/common2/services/delay/sam0/systick_counter.o
 .debug_macro   0x00001727       0x6a src/ASF/common2/services/delay/sam0/systick_counter.o
 .debug_macro   0x00001791      0x1df src/ASF/common2/services/delay/sam0/systick_counter.o
 .debug_macro   0x00001970       0x10 src/ASF/common2/services/delay/sam0/systick_counter.o
 .debug_macro   0x00001980       0x76 src/ASF/common2/services/delay/sam0/systick_counter.o
 .debug_macro   0x000019f6       0x16 src/ASF/common2/services/delay/sam0/systick_counter.o
 .debug_macro   0x00001a0c      0x6e5 src/ASF/common2/services/delay/sam0/systick_counter.o
 .debug_macro   0x000020f1      0xde2 src/ASF/common2/services/delay/sam0/systick_counter.o
 .debug_macro   0x00002ed3       0x22 src/ASF/common2/services/delay/sam0/systick_counter.o
 .debug_macro   0x00002ef5       0x40 src/ASF/common2/services/delay/sam0/systick_counter.o
 .debug_macro   0x00002f35       0x3a src/ASF/common2/services/delay/sam0/systick_counter.o
 .debug_macro   0x00002f6f       0x1f src/ASF/common2/services/delay/sam0/systick_counter.o
 .debug_macro   0x00002f8e      0x250 src/ASF/common2/services/delay/sam0/systick_counter.o
 .debug_macro   0x000031de      0x682 src/ASF/common2/services/delay/sam0/systick_counter.o
 .debug_macro   0x00003860      0x8c1 src/ASF/common2/services/delay/sam0/systick_counter.o
 .debug_macro   0x00004121      0x229 src/ASF/common2/services/delay/sam0/systick_counter.o
 .debug_macro   0x0000434a      0x5bf src/ASF/common2/services/delay/sam0/systick_counter.o
 .debug_macro   0x00004909      0x9fb src/ASF/common2/services/delay/sam0/systick_counter.o
 .debug_macro   0x00005304      0x5b8 src/ASF/common2/services/delay/sam0/systick_counter.o
 .debug_macro   0x000058bc      0x4b6 src/ASF/common2/services/delay/sam0/systick_counter.o
 .debug_macro   0x00005d72      0x74c src/ASF/common2/services/delay/sam0/systick_counter.o
 .debug_macro   0x000064be       0x5e src/ASF/common2/services/delay/sam0/systick_counter.o
 .debug_macro   0x0000651c      0x5e2 src/ASF/common2/services/delay/sam0/systick_counter.o
 .debug_macro   0x00006afe      0x3b8 src/ASF/common2/services/delay/sam0/systick_counter.o
 .debug_macro   0x00006eb6      0xc55 src/ASF/common2/services/delay/sam0/systick_counter.o
 .debug_macro   0x00007b0b      0xd29 src/ASF/common2/services/delay/sam0/systick_counter.o
 .debug_macro   0x00008834      0x7b8 src/ASF/common2/services/delay/sam0/systick_counter.o
 .debug_macro   0x00008fec      0x6c2 src/ASF/common2/services/delay/sam0/systick_counter.o
 .debug_macro   0x000096ae      0x351 src/ASF/common2/services/delay/sam0/systick_counter.o
 .debug_macro   0x000099ff       0x7c src/ASF/common2/services/delay/sam0/systick_counter.o
 .debug_macro   0x00009a7b       0x9a src/ASF/common2/services/delay/sam0/systick_counter.o
 .debug_macro   0x00009b15       0x46 src/ASF/common2/services/delay/sam0/systick_counter.o
 .debug_macro   0x00009b5b       0xb2 src/ASF/common2/services/delay/sam0/systick_counter.o
 .debug_macro   0x00009c0d       0x6a src/ASF/common2/services/delay/sam0/systick_counter.o
 .debug_macro   0x00009c77      0x287 src/ASF/common2/services/delay/sam0/systick_counter.o
 .debug_macro   0x00009efe       0x82 src/ASF/common2/services/delay/sam0/systick_counter.o
 .debug_macro   0x00009f80       0xb8 src/ASF/common2/services/delay/sam0/systick_counter.o
 .debug_macro   0x0000a038       0x1c src/ASF/common2/services/delay/sam0/systick_counter.o
 .debug_macro   0x0000a054       0x1c src/ASF/common2/services/delay/sam0/systick_counter.o
 .debug_macro   0x0000a070       0x1c src/ASF/common2/services/delay/sam0/systick_counter.o
 .debug_macro   0x0000a08c       0x82 src/ASF/common2/services/delay/sam0/systick_counter.o
 .debug_macro   0x0000a10e      0x164 src/ASF/common2/services/delay/sam0/systick_counter.o
 .debug_macro   0x0000a272       0xdc src/ASF/common2/services/delay/sam0/systick_counter.o
 .debug_macro   0x0000a34e      0x104 src/ASF/common2/services/delay/sam0/systick_counter.o
 .debug_macro   0x0000a452      0x104 src/ASF/common2/services/delay/sam0/systick_counter.o
 .debug_macro   0x0000a556      0x104 src/ASF/common2/services/delay/sam0/systick_counter.o
 .debug_macro   0x0000a65a      0x104 src/ASF/common2/services/delay/sam0/systick_counter.o
 .debug_macro   0x0000a75e       0xfa src/ASF/common2/services/delay/sam0/systick_counter.o
 .debug_macro   0x0000a858       0xbe src/ASF/common2/services/delay/sam0/systick_counter.o
 .debug_macro   0x0000a916       0xbe src/ASF/common2/services/delay/sam0/systick_counter.o
 .debug_macro   0x0000a9d4       0xbe src/ASF/common2/services/delay/sam0/systick_counter.o
 .debug_macro   0x0000aa92       0xbe src/ASF/common2/services/delay/sam0/systick_counter.o
 .debug_macro   0x0000ab50       0xbe src/ASF/common2/services/delay/sam0/systick_counter.o
 .debug_macro   0x0000ac0e       0xbe src/ASF/common2/services/delay/sam0/systick_counter.o
 .debug_macro   0x0000accc       0x40 src/ASF/common2/services/delay/sam0/systick_counter.o
 .debug_macro   0x0000ad0c      0x2ab src/ASF/common2/services/delay/sam0/systick_counter.o
 .debug_macro   0x0000afb7      0xcf9 src/ASF/common2/services/delay/sam0/systick_counter.o
 .debug_macro   0x0000bcb0       0x4a src/ASF/common2/services/delay/sam0/systick_counter.o
 .debug_macro   0x0000bcfa       0x52 src/ASF/common2/services/delay/sam0/systick_counter.o
 .debug_macro   0x0000bd4c       0x35 src/ASF/common2/services/delay/sam0/systick_counter.o
 .debug_macro   0x0000bd81       0x9c src/ASF/common2/services/delay/sam0/systick_counter.o
 .debug_macro   0x0000be1d       0x16 src/ASF/common2/services/delay/sam0/systick_counter.o
 .debug_macro   0x0000be33       0x35 src/ASF/common2/services/delay/sam0/systick_counter.o
 .debug_macro   0x0000be68      0x330 src/ASF/common2/services/delay/sam0/systick_counter.o
 .debug_macro   0x0000c198       0x10 src/ASF/common2/services/delay/sam0/systick_counter.o
 .debug_macro   0x0000c1a8       0x52 src/ASF/common2/services/delay/sam0/systick_counter.o
 .debug_macro   0x0000c1fa       0x1f src/ASF/common2/services/delay/sam0/systick_counter.o
 .debug_macro   0x0000c219       0x43 src/ASF/common2/services/delay/sam0/systick_counter.o
 .debug_macro   0x0000c25c       0x20 src/ASF/common2/services/delay/sam0/systick_counter.o
 .debug_macro   0x0000c27c      0x187 src/ASF/common2/services/delay/sam0/systick_counter.o
 .debug_macro   0x0000c403       0x10 src/ASF/common2/services/delay/sam0/systick_counter.o
 .debug_macro   0x0000c413       0x1c src/ASF/common2/services/delay/sam0/systick_counter.o
 .debug_macro   0x0000c42f       0x52 src/ASF/common2/services/delay/sam0/systick_counter.o
 .debug_macro   0x0000c481       0x40 src/ASF/common2/services/delay/sam0/systick_counter.o
 .debug_macro   0x0000c4c1       0x10 src/ASF/common2/services/delay/sam0/systick_counter.o
 .debug_macro   0x0000c4d1       0x40 src/ASF/common2/services/delay/sam0/systick_counter.o
 .debug_macro   0x0000c511       0xd7 src/ASF/common2/services/delay/sam0/systick_counter.o
 .debug_macro   0x0000c5e8       0x16 src/ASF/common2/services/delay/sam0/systick_counter.o
 .debug_macro   0x0000c5fe      0x18b src/ASF/common2/services/delay/sam0/systick_counter.o
 .debug_macro   0x0000c789       0x16 src/ASF/common2/services/delay/sam0/systick_counter.o
 .debug_macro   0x0000c79f       0x16 src/ASF/common2/services/delay/sam0/systick_counter.o
 .debug_macro   0x0000c7b5       0x29 src/ASF/common2/services/delay/sam0/systick_counter.o
 .debug_macro   0x0000c7de       0x51 src/ASF/common2/services/delay/sam0/systick_counter.o
 .debug_macro   0x0000c82f       0x3f src/ASF/common2/services/delay/sam0/systick_counter.o
 .debug_macro   0x0000c86e      0x3df src/ASF/common2/services/delay/sam0/systick_counter.o
 .debug_macro   0x0000cc4d       0x16 src/ASF/common2/services/delay/sam0/systick_counter.o
 .debug_macro   0x0000cc63       0x16 src/ASF/common2/services/delay/sam0/systick_counter.o
 .debug_macro   0x0000cc79      0x502 src/ASF/sam0/drivers/adc/adc_sam_d_r_h/adc.o
 .debug_macro   0x0000d17b       0x11 src/ASF/sam0/drivers/adc/adc_sam_d_r_h/adc.o
 .debug_macro   0x0000d18c       0x16 src/ASF/sam0/drivers/adc/adc_sam_d_r_h/adc.o
 .debug_macro   0x0000d1a2       0x2e src/ASF/sam0/drivers/adc/adc_sam_d_r_h/adc.o
 .debug_macro   0x0000d1d0       0x19 src/ASF/sam0/drivers/adc/adc_sam_d_r_h/adc.o
 .debug_macro   0x0000d1e9      0x4ff src/ASF/sam0/drivers/adc/adc_sam_d_r_h/adc_callback.o
 .debug_macro   0x0000d6e8      0x4f2 src/ASF/sam0/drivers/dac/dac_sam_d_c_h/dac.o
 .debug_macro   0x0000dbda       0x18 src/ASF/sam0/drivers/dac/dac_sam_d_c_h/dac.o
 .debug_macro   0x0000dbf2      0x4da src/ASF/sam0/drivers/dac/dac_sam_d_c_h/dac_callback.o
 .debug_macro   0x0000e0cc      0x4a1 src/ASF/sam0/drivers/extint/extint_callback.o
 .debug_macro   0x0000e56d       0x12 src/ASF/sam0/drivers/extint/extint_callback.o
 .debug_macro   0x0000e57f      0x4fc src/ASF/sam0/drivers/extint/extint_sam_d_r_h/extint.o
 .debug_macro   0x0000ea7b       0x18 src/ASF/sam0/drivers/extint/extint_sam_d_r_h/extint.o
 .debug_macro   0x0000ea93       0x16 src/ASF/sam0/drivers/extint/extint_sam_d_r_h/extint.o
 .debug_macro   0x0000eaa9      0x498 src/ASF/sam0/drivers/port/port.o
 .debug_macro   0x0000ef41      0x4d0 src/ASF/sam0/drivers/rtc/rtc_sam_d_r_h/rtc_count.o
 .debug_macro   0x0000f411      0x21a src/ASF/sam0/drivers/rtc/rtc_sam_d_r_h/rtc_count.o
 .debug_macro   0x0000f62b      0x4da src/ASF/sam0/drivers/rtc/rtc_sam_d_r_h/rtc_count_interrupt.o
 .debug_macro   0x0000fb05      0x527 src/ASF/sam0/drivers/sercom/i2c/i2c_samd20/i2c_master.o
 .debug_macro   0x0001002c       0x7a src/ASF/sam0/drivers/sercom/i2c/i2c_samd20/i2c_master.o
 .debug_macro   0x000100a6       0x10 src/ASF/sam0/drivers/sercom/i2c/i2c_samd20/i2c_master.o
 .debug_macro   0x000100b6      0x523 src/ASF/sam0/drivers/sercom/i2c/i2c_samd20/i2c_master_interrupt.o
 .debug_macro   0x000105d9      0x50a src/ASF/sam0/drivers/sercom/sercom.o
 .debug_macro   0x00010ae3      0x507 src/ASF/sam0/drivers/sercom/sercom_interrupt.o
 .debug_macro   0x00010fea      0x51b src/ASF/sam0/drivers/sercom/usart/usart.o
 .debug_macro   0x00011505       0x19 src/ASF/sam0/drivers/sercom/usart/usart.o
 .debug_macro   0x0001151e      0x51b src/ASF/sam0/drivers/sercom/usart/usart_interrupt.o
 .debug_macro   0x00011a39      0x681 src/OCTO_ADC.o
 .debug_macro   0x000120ba      0x233 src/OCTO_ADC.o
 .debug_macro   0x000122ed       0x10 src/OCTO_ADC.o
 .debug_macro   0x000122fd       0x1c src/OCTO_ADC.o
 .debug_macro   0x00012319      0x2c6 src/OCTO_ADC.o
 .debug_macro   0x000125df       0x7c src/OCTO_ADC.o
 .debug_macro   0x0001265b       0x11 src/OCTO_ADC.o
 .debug_macro   0x0001266c       0x18 src/OCTO_ADC.o
 .debug_macro   0x00012684      0x67f src/OCTO_DAC.o
 .debug_macro   0x00012d03       0x34 src/OCTO_DAC.o
 .debug_macro   0x00012d37      0x686 src/OCTO_I2C.o
 .debug_macro   0x000133bd      0x669 src/OCTO_RTC.o
 .debug_macro   0x00013a26      0x6a4 src/OCTO_USART.o
 .debug_macro   0x000140ca       0x16 src/OCTO_USART.o
 .debug_macro   0x000140e0      0x65e src/ASF/common2/boards/user_board/init.o
 .debug_macro   0x0001473e      0x47c src/ASF/common/utils/interrupt/interrupt_sam_nvic.o
 .debug_macro   0x00014bba      0x591 src/ASF/sam0/drivers/system/clock/clock_samd20/clock.o
 .debug_macro   0x0001514b      0x4b3 src/ASF/sam0/drivers/system/clock/clock_samd20/gclk.o
 .debug_macro   0x000155fe      0x48e src/ASF/sam0/drivers/system/pinmux/pinmux.o
 .debug_macro   0x00015a8c      0x4c0 src/ASF/sam0/drivers/system/system.o
 .debug_macro   0x00015f4c      0x263 src/ASF/sam0/utils/cmsis/samd20/source/gcc/startup_samd20.o
 .debug_macro   0x000161af       0x3a src/ASF/sam0/utils/cmsis/samd20/source/gcc/startup_samd20.o
 .debug_macro   0x000161e9      0x1d6 src/ASF/sam0/utils/syscalls/gcc/syscalls.o
 .debug_macro   0x000163bf       0x4c src/ASF/sam0/utils/syscalls/gcc/syscalls.o
 .debug_macro   0x0001640b       0x8d src/ASF/sam0/utils/syscalls/gcc/syscalls.o
 .debug_macro   0x00016498       0x57 src/ASF/sam0/utils/syscalls/gcc/syscalls.o
 .debug_macro   0x000164ef       0x97 src/ASF/sam0/utils/syscalls/gcc/syscalls.o
 .debug_macro   0x00016586       0xf6 src/ASF/sam0/utils/syscalls/gcc/syscalls.o
 .debug_macro   0x0001667c       0x4c src/ASF/sam0/utils/syscalls/gcc/syscalls.o
 .debug_macro   0x000166c8       0x16 src/ASF/sam0/utils/syscalls/gcc/syscalls.o
 .debug_macro   0x000166de       0x10 src/ASF/sam0/utils/syscalls/gcc/syscalls.o
 .debug_macro   0x000166ee       0x10 src/ASF/sam0/utils/syscalls/gcc/syscalls.o
 .debug_macro   0x000166fe       0x35 src/ASF/sam0/utils/syscalls/gcc/syscalls.o
 .debug_macro   0x00016733      0x122 src/ASF/sam0/utils/syscalls/gcc/syscalls.o
 .debug_macro   0x00016855      0x6a1 src/main.o

.debug_line     0x00000000    0x15baa
 .debug_line    0x00000000      0x923 src/ASF/common2/services/delay/sam0/systick_counter.o
 .debug_line    0x00000923      0xcb7 src/ASF/sam0/drivers/adc/adc_sam_d_r_h/adc.o
 .debug_line    0x000015da      0xb63 src/ASF/sam0/drivers/adc/adc_sam_d_r_h/adc_callback.o
 .debug_line    0x0000213d      0xc1d src/ASF/sam0/drivers/dac/dac_sam_d_c_h/dac.o
 .debug_line    0x00002d5a      0xa9e src/ASF/sam0/drivers/dac/dac_sam_d_c_h/dac_callback.o
 .debug_line    0x000037f8      0x93a src/ASF/sam0/drivers/extint/extint_callback.o
 .debug_line    0x00004132      0xb8f src/ASF/sam0/drivers/extint/extint_sam_d_r_h/extint.o
 .debug_line    0x00004cc1      0x864 src/ASF/sam0/drivers/port/port.o
 .debug_line    0x00005525      0xb95 src/ASF/sam0/drivers/rtc/rtc_sam_d_r_h/rtc_count.o
 .debug_line    0x000060ba      0xa22 src/ASF/sam0/drivers/rtc/rtc_sam_d_r_h/rtc_count_interrupt.o
 .debug_line    0x00006adc      0xd3f src/ASF/sam0/drivers/sercom/i2c/i2c_samd20/i2c_master.o
 .debug_line    0x0000781b      0xcdc src/ASF/sam0/drivers/sercom/i2c/i2c_samd20/i2c_master_interrupt.o
 .debug_line    0x000084f7      0xb14 src/ASF/sam0/drivers/sercom/sercom.o
 .debug_line    0x0000900b      0xaab src/ASF/sam0/drivers/sercom/sercom_interrupt.o
 .debug_line    0x00009ab6      0xc52 src/ASF/sam0/drivers/sercom/usart/usart.o
 .debug_line    0x0000a708      0xc09 src/ASF/sam0/drivers/sercom/usart/usart_interrupt.o
 .debug_line    0x0000b311     0x1039 src/OCTO_ADC.o
 .debug_line    0x0000c34a      0xee0 src/OCTO_DAC.o
 .debug_line    0x0000d22a      0xf4e src/OCTO_I2C.o
 .debug_line    0x0000e178      0xed1 src/OCTO_RTC.o
 .debug_line    0x0000f049     0x1015 src/OCTO_USART.o
 .debug_line    0x0001005e      0xf35 src/ASF/common2/boards/user_board/init.o
 .debug_line    0x00010f93      0x838 src/ASF/common/utils/interrupt/interrupt_sam_nvic.o
 .debug_line    0x000117cb      0xb79 src/ASF/sam0/drivers/system/clock/clock_samd20/clock.o
 .debug_line    0x00012344      0xbd5 src/ASF/sam0/drivers/system/clock/clock_samd20/gclk.o
 .debug_line    0x00012f19      0x894 src/ASF/sam0/drivers/system/pinmux/pinmux.o
 .debug_line    0x000137ad      0x950 src/ASF/sam0/drivers/system/system.o
 .debug_line    0x000140fd      0x5b0 src/ASF/sam0/utils/cmsis/samd20/source/gcc/startup_samd20.o
 .debug_line    0x000146ad      0x40a src/ASF/sam0/utils/syscalls/gcc/syscalls.o
 .debug_line    0x00014ab7     0x10f3 src/main.o

.debug_str      0x00000000    0x5ce31
 .debug_str     0x00000000    0x51b09 src/ASF/common2/services/delay/sam0/systick_counter.o
                              0x52001 (size before relaxing)
 .debug_str     0x00051b09     0x1cc3 src/ASF/sam0/drivers/adc/adc_sam_d_r_h/adc.o
                              0x53c32 (size before relaxing)
 .debug_str     0x000537cc      0x2bb src/ASF/sam0/drivers/adc/adc_sam_d_r_h/adc_callback.o
                              0x52ad6 (size before relaxing)
 .debug_str     0x00053a87      0x4fa src/ASF/sam0/drivers/dac/dac_sam_d_c_h/dac.o
                              0x53166 (size before relaxing)
 .debug_str     0x00053f81      0x491 src/ASF/sam0/drivers/dac/dac_sam_d_c_h/dac_callback.o
                              0x52b81 (size before relaxing)
 .debug_str     0x00054412      0x4f5 src/ASF/sam0/drivers/extint/extint_callback.o
                              0x5260d (size before relaxing)
 .debug_str     0x00054907      0x414 src/ASF/sam0/drivers/extint/extint_sam_d_r_h/extint.o
                              0x534be (size before relaxing)
 .debug_str     0x00054d1b      0x299 src/ASF/sam0/drivers/port/port.o
                              0x521fd (size before relaxing)
 .debug_str     0x00054fb4     0x1575 src/ASF/sam0/drivers/rtc/rtc_sam_d_r_h/rtc_count.o
                              0x540a5 (size before relaxing)
 .debug_str     0x00056529      0x106 src/ASF/sam0/drivers/rtc/rtc_sam_d_r_h/rtc_count_interrupt.o
                              0x535dd (size before relaxing)
 .debug_str     0x0005662f     0x11fb src/ASF/sam0/drivers/sercom/i2c/i2c_samd20/i2c_master.o
                              0x53ea4 (size before relaxing)
 .debug_str     0x0005782a      0x24a src/ASF/sam0/drivers/sercom/i2c/i2c_samd20/i2c_master_interrupt.o
                              0x53014 (size before relaxing)
 .debug_str     0x00057a74      0x34d src/ASF/sam0/drivers/sercom/sercom.o
                              0x53191 (size before relaxing)
 .debug_str     0x00057dc1      0x158 src/ASF/sam0/drivers/sercom/sercom_interrupt.o
                              0x52f32 (size before relaxing)
 .debug_str     0x00057f19      0x5b0 src/ASF/sam0/drivers/sercom/usart/usart.o
                              0x53ba4 (size before relaxing)
 .debug_str     0x000584c9      0x15b src/ASF/sam0/drivers/sercom/usart/usart_interrupt.o
                              0x5305b (size before relaxing)
 .debug_str     0x00058624     0x171c src/OCTO_ADC.o
                              0x56850 (size before relaxing)
 .debug_str     0x00059d40      0x426 src/OCTO_DAC.o
                              0x55fea (size before relaxing)
 .debug_str     0x0005a166      0x240 src/OCTO_I2C.o
                              0x56751 (size before relaxing)
 .debug_str     0x0005a3a6       0x9b src/OCTO_RTC.o
                              0x55eb3 (size before relaxing)
 .debug_str     0x0005a441      0x29f src/OCTO_USART.o
                              0x56c1f (size before relaxing)
 .debug_str     0x0005a6e0       0x75 src/ASF/common2/boards/user_board/init.o
                              0x55b98 (size before relaxing)
 .debug_str     0x0005a755       0x66 src/ASF/common/utils/interrupt/interrupt_sam_nvic.o
                              0x51e0c (size before relaxing)
 .debug_str     0x0005a7bb     0x169f src/ASF/sam0/drivers/system/clock/clock_samd20/clock.o
                              0x5502f (size before relaxing)
 .debug_str     0x0005be5a      0x1b7 src/ASF/sam0/drivers/system/clock/clock_samd20/gclk.o
                              0x52a3f (size before relaxing)
 .debug_str     0x0005c011       0xf4 src/ASF/sam0/drivers/system/pinmux/pinmux.o
                              0x52203 (size before relaxing)
 .debug_str     0x0005c105       0x47 src/ASF/sam0/drivers/system/system.o
                              0x51ea8 (size before relaxing)
 .debug_str     0x0005c14c      0x385 src/ASF/sam0/utils/cmsis/samd20/source/gcc/startup_samd20.o
                              0x3d2ca (size before relaxing)
 .debug_str     0x0005c4d1      0x75b src/ASF/sam0/utils/syscalls/gcc/syscalls.o
                               0x727d (size before relaxing)
 .debug_str     0x0005cc2c      0x205 src/main.o
                              0x5692e (size before relaxing)

.debug_frame    0x00000000     0x1a28
 .debug_frame   0x00000000       0x64 src/ASF/common2/services/delay/sam0/systick_counter.o
 .debug_frame   0x00000064       0x98 src/ASF/sam0/drivers/adc/adc_sam_d_r_h/adc.o
 .debug_frame   0x000000fc       0x84 src/ASF/sam0/drivers/adc/adc_sam_d_r_h/adc_callback.o
 .debug_frame   0x00000180      0x1a4 src/ASF/sam0/drivers/dac/dac_sam_d_c_h/dac.o
 .debug_frame   0x00000324       0xd4 src/ASF/sam0/drivers/dac/dac_sam_d_c_h/dac_callback.o
 .debug_frame   0x000003f8       0x7c src/ASF/sam0/drivers/extint/extint_callback.o
 .debug_frame   0x00000474       0xb8 src/ASF/sam0/drivers/extint/extint_sam_d_r_h/extint.o
 .debug_frame   0x0000052c       0x44 src/ASF/sam0/drivers/port/port.o
 .debug_frame   0x00000570      0x178 src/ASF/sam0/drivers/rtc/rtc_sam_d_r_h/rtc_count.o
 .debug_frame   0x000006e8       0x78 src/ASF/sam0/drivers/rtc/rtc_sam_d_r_h/rtc_count_interrupt.o
 .debug_frame   0x00000760      0x1d4 src/ASF/sam0/drivers/sercom/i2c/i2c_samd20/i2c_master.o
 .debug_frame   0x00000934      0x134 src/ASF/sam0/drivers/sercom/i2c/i2c_samd20/i2c_master_interrupt.o
 .debug_frame   0x00000a68       0xbc src/ASF/sam0/drivers/sercom/sercom.o
 .debug_frame   0x00000b24       0xb8 src/ASF/sam0/drivers/sercom/sercom_interrupt.o
 .debug_frame   0x00000bdc       0xac src/ASF/sam0/drivers/sercom/usart/usart.o
 .debug_frame   0x00000c88      0x110 src/ASF/sam0/drivers/sercom/usart/usart_interrupt.o
 .debug_frame   0x00000d98       0x98 src/OCTO_ADC.o
 .debug_frame   0x00000e30       0x48 src/OCTO_DAC.o
 .debug_frame   0x00000e78       0xa8 src/OCTO_I2C.o
 .debug_frame   0x00000f20       0x5c src/OCTO_RTC.o
 .debug_frame   0x00000f7c      0x108 src/OCTO_USART.o
 .debug_frame   0x00001084       0x64 src/ASF/common2/boards/user_board/init.o
 .debug_frame   0x000010e8       0x30 src/ASF/common/utils/interrupt/interrupt_sam_nvic.o
 .debug_frame   0x00001118      0x12c src/ASF/sam0/drivers/system/clock/clock_samd20/clock.o
 .debug_frame   0x00001244      0x148 src/ASF/sam0/drivers/system/clock/clock_samd20/gclk.o
 .debug_frame   0x0000138c       0x74 src/ASF/sam0/drivers/system/pinmux/pinmux.o
 .debug_frame   0x00001400       0x38 src/ASF/sam0/drivers/system/system.o
 .debug_frame   0x00001438       0x38 src/ASF/sam0/utils/cmsis/samd20/source/gcc/startup_samd20.o
 .debug_frame   0x00001470       0xa0 src/ASF/sam0/utils/syscalls/gcc/syscalls.o
 .debug_frame   0x00001510      0x184 src/main.o
 .debug_frame   0x00001694       0x20 c:/program files (x86)/atmel/studio/7.0/toolchain/arm/arm-gnu-toolchain/bin/../lib/gcc/arm-none-eabi/6.2.1/thumb/v6-m\libgcc.a(_udivsi3.o)
 .debug_frame   0x000016b4       0x20 c:/program files (x86)/atmel/studio/7.0/toolchain/arm/arm-gnu-toolchain/bin/../lib/gcc/arm-none-eabi/6.2.1/thumb/v6-m\libgcc.a(_divsi3.o)
 .debug_frame   0x000016d4       0x34 c:/program files (x86)/atmel/studio/7.0/toolchain/arm/arm-gnu-toolchain/bin/../lib/gcc/arm-none-eabi/6.2.1/thumb/v6-m\libgcc.a(_muldi3.o)
 .debug_frame   0x00001708       0x2c c:/program files (x86)/atmel/studio/7.0/toolchain/arm/arm-gnu-toolchain/bin/../lib/gcc/arm-none-eabi/6.2.1/../../../../arm-none-eabi/lib/thumb/v6-m\libc_nano.a(lib_a-init.o)
 .debug_frame   0x00001734       0x28 c:/program files (x86)/atmel/studio/7.0/toolchain/arm/arm-gnu-toolchain/bin/../lib/gcc/arm-none-eabi/6.2.1/../../../../arm-none-eabi/lib/thumb/v6-m\libc_nano.a(lib_a-memcpy-stub.o)
 .debug_frame   0x0000175c       0x50 c:/program files (x86)/atmel/studio/7.0/toolchain/arm/arm-gnu-toolchain/bin/../lib/gcc/arm-none-eabi/6.2.1/../../../../arm-none-eabi/lib/thumb/v6-m\libc_nano.a(lib_a-sprintf.o)
 .debug_frame   0x000017ac       0x20 c:/program files (x86)/atmel/studio/7.0/toolchain/arm/arm-gnu-toolchain/bin/../lib/gcc/arm-none-eabi/6.2.1/../../../../arm-none-eabi/lib/thumb/v6-m\libc_nano.a(lib_a-strcmp.o)
 .debug_frame   0x000017cc       0x74 c:/program files (x86)/atmel/studio/7.0/toolchain/arm/arm-gnu-toolchain/bin/../lib/gcc/arm-none-eabi/6.2.1/../../../../arm-none-eabi/lib/thumb/v6-m\libc_nano.a(lib_a-nano-svfprintf.o)
 .debug_frame   0x00001840       0x54 c:/program files (x86)/atmel/studio/7.0/toolchain/arm/arm-gnu-toolchain/bin/../lib/gcc/arm-none-eabi/6.2.1/../../../../arm-none-eabi/lib/thumb/v6-m\libc_nano.a(lib_a-nano-vfprintf_i.o)
 .debug_frame   0x00001894       0x20 c:/program files (x86)/atmel/studio/7.0/toolchain/arm/arm-gnu-toolchain/bin/../lib/gcc/arm-none-eabi/6.2.1/../../../../arm-none-eabi/lib/thumb/v6-m\libc_nano.a(lib_a-memchr-stub.o)
 .debug_frame   0x000018b4       0x28 c:/program files (x86)/atmel/studio/7.0/toolchain/arm/arm-gnu-toolchain/bin/../lib/gcc/arm-none-eabi/6.2.1/../../../../arm-none-eabi/lib/thumb/v6-m\libc_nano.a(lib_a-memmove.o)
 .debug_frame   0x000018dc       0x2c c:/program files (x86)/atmel/studio/7.0/toolchain/arm/arm-gnu-toolchain/bin/../lib/gcc/arm-none-eabi/6.2.1/../../../../arm-none-eabi/lib/thumb/v6-m\libc_nano.a(lib_a-nano-freer.o)
 .debug_frame   0x00001908       0x2c c:/program files (x86)/atmel/studio/7.0/toolchain/arm/arm-gnu-toolchain/bin/../lib/gcc/arm-none-eabi/6.2.1/../../../../arm-none-eabi/lib/thumb/v6-m\libc_nano.a(lib_a-nano-mallocr.o)
 .debug_frame   0x00001934       0x30 c:/program files (x86)/atmel/studio/7.0/toolchain/arm/arm-gnu-toolchain/bin/../lib/gcc/arm-none-eabi/6.2.1/../../../../arm-none-eabi/lib/thumb/v6-m\libc_nano.a(lib_a-nano-reallocr.o)
 .debug_frame   0x00001964       0x2c c:/program files (x86)/atmel/studio/7.0/toolchain/arm/arm-gnu-toolchain/bin/../lib/gcc/arm-none-eabi/6.2.1/../../../../arm-none-eabi/lib/thumb/v6-m\libc_nano.a(lib_a-sbrkr.o)
 .debug_frame   0x00001990       0x30 c:/program files (x86)/atmel/studio/7.0/toolchain/arm/arm-gnu-toolchain/bin/../lib/gcc/arm-none-eabi/6.2.1/../../../../arm-none-eabi/lib/thumb/v6-m\libc_nano.a(lib_a-mlock.o)
 .debug_frame   0x000019c0       0x20 c:/program files (x86)/atmel/studio/7.0/toolchain/arm/arm-gnu-toolchain/bin/../lib/gcc/arm-none-eabi/6.2.1/../../../../arm-none-eabi/lib/thumb/v6-m\libc_nano.a(lib_a-nano-msizer.o)
 .debug_frame   0x000019e0       0x48 c:/program files (x86)/atmel/studio/7.0/toolchain/arm/arm-gnu-toolchain/bin/../lib/gcc/arm-none-eabi/6.2.1/../../../../arm-none-eabi/lib/thumb/v6-m\libc_nano.a(lib_a-reent.o)

Cross Reference Table

Symbol                                            File
AC_Handler                                        src/ASF/sam0/utils/cmsis/samd20/source/gcc/startup_samd20.o
ADC_Handler                                       src/ASF/sam0/drivers/adc/adc_sam_d_r_h/adc_callback.o
DAC_Handler                                       src/ASF/sam0/drivers/dac/dac_sam_d_c_h/dac_callback.o
Dummy_Handler                                     src/ASF/sam0/utils/cmsis/samd20/source/gcc/startup_samd20.o
EIC_Handler                                       src/ASF/sam0/drivers/extint/extint_callback.o
EVSYS_Handler                                     src/ASF/sam0/utils/cmsis/samd20/source/gcc/startup_samd20.o
HardFault_Handler                                 src/ASF/sam0/utils/cmsis/samd20/source/gcc/startup_samd20.o